               .deffile adi_defs__0.asm
               .deffile ddi_defs__0.asm
               .deffile reg_defs__0.asm
               .deffile sce_defs__0.asm
               
               ; Number of supported tasks
               .define TASK_COUNT      1
               
               ; Resource-specified definitions, if any
               ; (None)
               
               
               .segment begin "Framework"
               
               
               VectorTable:
0000 ---- 1408                         jsr         PowerUp
0001 ---- 040c                         jmp         TaskCtrlReqVector
0002 ---- 1408                         jsr         PowerUp
0003 ---- 042c                         jmp         AonRtcCh2Vector
0004 ---- 1408                         jsr         PowerUp
0005 ---- 0447                         jmp         Event0Vector
0006 ---- 1408                         jsr         PowerUp
0007 ---- 044d                         jmp         TaskAlertAckVector
               
               
               
               
               PowerUp:
                                       ; Deassert the power-down request
0008 ---- 4436                         iobclr      #0, [#IOP_WUC_PWRDWNREQ]
               
                                       ; Wait for it to take effect
0009 ---- 2437 /waitForPdAck:          iobtst      #0, [#IOP_WUC_PWRDWNACK]
000a ---- aefe                         biob1       /waitForPdAck
               
               FwEmptyFunc:            ; Done
000b ---- adb7                         rts
               
               
               
               
               TaskCtrlReqVector:
                                       ; Clear the vector flag
000c ---- 6442                         iobset      #0, [#IOP_EVCTL_VECFLAGSCLR]
               
                                       ; For each task ...
000d ---- 7000                         ld          R7, #0
               /loop:
                                           ; Save the task ID
000e ---- 7c6b                             st          R7, [#fwCtrlInt/taskId]
               
                                           ; Handle initialize request, if any
000f ---- 6872                             ld          R6, [#fwCtrlExt/bvTaskInitializeReq]
0010 ---- 0068                             ld          R0, #pFwTaskInitializeFuncTable
0011 ---- 1425                             jsr         /handleReq
               
                                           ; Handle execute request, if any
0012 ---- 6873                             ld          R6, [#fwCtrlExt/bvTaskExecuteReq]
0013 ---- 0069                             ld          R0, #pFwTaskExecuteFuncTable
0014 ---- 1425                             jsr         /handleReq
               
                                           ; Handle terminate request, if any
0015 ---- 6874                             ld          R6, [#fwCtrlExt/bvTaskTerminateReq]
0016 ---- 006a                             ld          R0, #pFwTaskTerminateFuncTable
0017 ---- 1425                             jsr         /handleReq
               
                                           ; Move on to the next task
0018 ---- 786b                             ld          R7, [#fwCtrlInt/taskId]
0019 ---- f801                             add         R7, #1
               
001a ---- fa01                         cmp         R7, #TASK_COUNT
001b ---- bef2                         bneq        /loop
               
                                       ; Update which tasks are ...
001c ---- 7870                         ld          R7, [#fwCtrlExt/bvActiveTasks]
                                       ; ... currently active ...
001d ---- 6872                         ld          R6, [#fwCtrlExt/bvTaskInitializeReq]
001e ---- fd0e                         or          R7, R6
                                       ; ... and inactive ...
001f ---- 6874                         ld          R6, [#fwCtrlExt/bvTaskTerminateReq]
0020 ---- ed92                         inv         R6
0021 ---- fd06                         and         R7, R6
0022 ---- 7c70                         st          R7, [#fwCtrlExt/bvActiveTasks]
               
                                       ; We're READY for another request
0023 ---- 642d                         iobset      #IOB_EVCTL_SWEV_READY, [#IOP_EVCTL_SWEVSET]
               
                                       ; Generate an ALERT interrupt if needed before powering back down
0024 ---- 0450                         jmp         GenAlertInterrupt;
               
               /handleReq:
                                       ; Restore the task ID, and load the function pointer (here to avoid pipeline hazard)
0025 ---- 786b                         ld          R7, [#fwCtrlInt/taskId]
0026 ---- 8f1f                         ld          R0, [R7+R0]
               
                                       ; Skip this request?
0027 ---- ed8f                         lsr         R6, R7
0028 ---- ec01                         tst         R6, #0x0001
0029 ---- be01                         bnz         /noSkip
002a ---- adb7                             rts
               /noSkip:
                                       ; Make the call by jump, with return (rts) in the "called" function
002b ---- 8db7                         jmp         R0
               
               
               
               
               AonRtcCh2Vector:
                                       ; Start clearing the RTC event
002c ---- 6630                         iobset      #IOB_WUC_WUEV_RTC, [#IOP_WUC_WUEVCLR]
               
                                       ; Clear the vector flag
002d ---- 6542                         iobset      #1, [#IOP_EVCTL_VECFLAGSCLR]
               
                                       ; For each task (R0 is the current task ID) ...
002e ---- 0000                         ld          R0, #0
               /loop:
                                           ; ... that is active ...
002f ---- 1870                             ld          R1, [#fwCtrlExt/bvActiveTasks]
0030 ---- 9d88                             lsr         R1, R0
0031 ---- 9c01                             tst         R1, #0x0001
0032 ---- b60d                             bz          /skip
               
                                               ; Fetch number of RTC intervals until next execution
0033 ---- 1067                                 ld          R1, #pFwTaskExecuteScheduleTable
0034 ---- af19                                 ld          R2, [R1+R0]
               
                                               ; If not already 0, decrement and store. If then 0 ...
0035 ---- aa00                                 cmp         R2, #0
0036 ---- b609                                 beq         /skip
0037 ---- a8ff                                 add         R2, #-1
0038 ---- af39                                 st          R2, [R1+R0]
0039 ---- be06                                 bnz         /skip
               
                                                   ; ... execute the task
003a ---- 0c6b                                     st          R0, [#fwCtrlInt/taskId]
003b ---- 8869                                     add         R0, #pFwTaskExecuteFuncTable
003c ---- 8f08                                     ld          R0, [R0]
                                                   ; Insert NOP to avoid pipeline hazard
003d ---- fd47                                     nop
003e ---- 9db7                                     jsr         R0
003f ---- 086b                                     ld          R0, [#fwCtrlInt/taskId]
               /skip:
                                           ; Move on to the next task
0040 ---- 8801                             add         R0, #1
               
0041 ---- 8a01                         cmp         R0, #TASK_COUNT
0042 ---- beec                         bneq        /loop
               
                                       ; Wait for the ACK event to be cleared
0043 ---- 262f /waitOnRtcClearing:     iobtst      #IOB_WUC_WUEV_RTC, [#IOP_WUC_WUEVFLAGS]
0044 ---- aefe                         biob1       /waitOnRtcClearing
0045 ---- 4630                         iobclr      #IOB_WUC_WUEV_RTC, [#IOP_WUC_WUEVCLR]
               
                                       ; Generate an ALERT interrupt if needed
0046 ---- 0450                         jmp         GenAlertInterrupt;
               
               
               
               
               Event0Vector:
                                       ; Disable and clear the vector flag
0047 ---- 5527                         iobclr      #IOB_EVCTL_VECCFG1_VEC2_EN, [#IOP_EVCTL_VECCFG1]
0048 ---- 6642                         iobset      #2, [#IOP_EVCTL_VECFLAGSCLR]
               
                                       ; Set the task ID
0049 ---- 0000                         ld          R0, #0
004a ---- 0c6b                         st          R0, [#fwCtrlInt/taskId]
               
                                       ; Jump to the event task code
004b ---- 140b                         jsr         FwEmptyFunc
               
                                       ; Generate an ALERT interrupt if needed
004c ---- 0450                         jmp         GenAlertInterrupt;
               
               
               
               
               TaskAlertAckVector:
                                       ; Clear the vector flag
004d ---- 6742                         iobset      #3, [#IOP_EVCTL_VECFLAGSCLR]
               
                                       ; Re-enable generation of ALERT interrupts
004e ---- 03ff                         ld          R0, #-1
004f ---- 0c6d                         st          R0, [#fwCtrlInt/alertGenMask]
               
                                       ; Fall through to GenAlertInterrupt to generate another ALERT interrupt if needed
               
               
               
               
               GenAlertInterrupt:
                                       ; Do we have any ALERT-generating flags pending?
0050 ---- 786c                         ld          R7, [#fwCtrlInt/bvTaskIoAlert]
               
                                       ; Skip if the last I/O ALERT interrupt has not been acknowledged
0051 ---- 686d                         ld          R6, [#fwCtrlInt/alertGenMask]
0052 ---- ed37                         tst         R6, R7
0053 ---- b605                         bz          /skipAlertGen
               
                                           ; Transfer I/O flags from internal to external
0054 ---- 0000                             ld          R0, #0
0055 ---- 0c6c                             st          R0, [#fwCtrlInt/bvTaskIoAlert]
0056 ---- 7c71                             st          R7, [#fwCtrlExt/bvTaskIoAlert]
               
                                           ; Generate the ALERT interrupt, and clear the generation mask
0057 ---- 652d                             iobset      #IOB_EVCTL_SWEV_ALERT, [#IOP_EVCTL_SWEVSET]
0058 ---- 0c6d                             st          R0, [#fwCtrlInt/alertGenMask]
               /skipAlertGen:
                                       ; Fall through to PowerDown ...
               
               
               
               
               PowerDown:
                                       ; If there are no unacknowledged ALERTs and no vectors pending ...
0059 ---- 786d                         ld          R7, [#fwCtrlInt/alertGenMask]
005a ---- 686e                         ld          R6, [#fwCtrlInt/alertCanPdAuxMask]
005b ---- fd0e                         or          R7, R6
005c ---- f801                         add         R7, #1 ; 0xFFFF -> 0x0000
005d ---- e92b                         in          R6, [#IOP_EVCTL_VECFLAGS]
005e ---- fd0e                         or          R7, R6
005f ---- be01                         bnz         /noPowerDown
               
                                           ; Assert the power-down request. We'll make sure that it has taken effect
                                           ; or been completely ignored when waking up again
0060 ---- 6436                             iobset      #0, [#IOP_WUC_PWRDWNREQ]
               /noPowerDown:
                                       ; Sleep until the next event
0061 ---- bdb7 sleepInstr:             sleep
               
               
               
               
0062 ---- 241a AdiDdiAcquire:          iobtst      #0, [#IOP_SMPH_SMPH0]
0063 ---- a6fe                         biob0       AdiDdiAcquire
0064 ---- adb7                         rts
               
0065 ---- 641a AdiDdiRelease:          iobset      #0, [#IOP_SMPH_SMPH0]
0066 ---- adb7                         rts
               
               
               
               
               ; RTC ticks until next execution, one word for each task
               pFwTaskExecuteScheduleTable:
0067 ---- 0000                         dw          #0
               
               ; Task code function pointers for each task code block, one word for each task
               pFwTaskInitializeFuncTable:
0068 ---- 0087                         dw          #irled/initialize
               pFwTaskExecuteFuncTable:
0069 ---- 008f                         dw          #irled/execute
               pFwTaskTerminateFuncTable:
006a ---- 0116                         dw          #irled/terminate
               
               ; Run-time logging log requests and masks, one bit for each struct, one word for each task
               pRtlTaskLogReqTable:
               ; (Run-time logging is not used in this project)
               pRtlTaskLogMaskTable:
               ; (Run-time logging is not used in this project)
               
               
               ; Internal control data
               fwCtrlInt:
006b ---- 0000 /taskId:                dw          #0      ; ID of the currently running task
006c ---- 0000 /bvTaskIoAlert:         dw          #0x0000 ; LSB = Normal data exchange, MSB = Overflow or underflow
006d ---- ffff /alertGenMask:          dw          #0xFFFF ; Can generate an ALERT interrupt now? (0xFFFF = yes, 0x0000 = no)
006e ---- 0000 /alertCanPdAuxMask:     dw          #0x0000 ; Can power down AUX domain after ALERT interrupt generation? (0xFFFF = yes, 0x0000 = no)
006f ---- 0000 /rtlStructLockReq:      dw          #0x0000 ; Run-time logging struct lock request (0=idle -> 1=requested -> 2=ready -> access -> 0=idle)
               
               ; External control data, shared with the driver
               fwCtrlExt:
0070 ---- 0000 /bvActiveTasks:         dw          #0x0000 ; Indicates which tasks are currently active
0071 ---- 0000 /bvTaskIoAlert:         dw          #0x0000 ; LSB = Normal data exchange, MSB = Overflow or underflow
0072 ---- 0000 /bvTaskInitializeReq:   dw          #0x0000 ; Requests tasks to start
0073 ---- 0000 /bvTaskExecuteReq:      dw          #0x0000 ; Requests tasks to execute once immediately
0074 ---- 0000 /bvTaskTerminateReq:    dw          #0x0000 ; Requests tasks to stop
               
               
               .segment end "Framework"
               
               
               fwTaskDataStructures:
               .segment begin "Task: IRLED"
               irled/cfg:
               irled/cfg/bCount:
0075 ---- 0960                         dw          #2400
               irled/cfg/dCount:
0076 ---- 003c                         dw          #60
               irled/cfg/pAuxioXsVs:
0077 ---- 0004                         dw          #4
0078 ---- 0009                         dw          #9
               irled/input:
               irled/output:
               irled/output/buzz:
0079 ---- 0000                         dw          #0
               irled/state:
               irled/state/bCount:
007a ---- 0960                         dw          #2400
               irled/state/buzz:
007b ---- 0000                         dw          #0
               irled/state/dCount:
007c ---- 003c                         dw          #60
               irled/state/exit:
007d ---- 0000                         dw          #0
               irled/state/out:
007e ---- 0001                         dw          #1
007f ---- 0001                         dw          #1
0080 ---- 0001                         dw          #1
0081 ---- 0001                         dw          #1
0082 ---- 0001                         dw          #1
0083 ---- 0001                         dw          #1
0084 ---- 0001                         dw          #1
0085 ---- 0001                         dw          #1
0086 ---- 0001                         dw          #1
               .segment end "Task: IRLED"
               
               
               .segment begin "Task: IRLED"
               irled/initialize:
               ;? gpioCfgMode(cfg.pAuxioXsVs[1], GPIO_MODE_OUTPUT);
0087 ---- 7878                         ld          R7, [#(irled/cfg/pAuxioXsVs + 1)]
0088 ---- 6000                         ld          R6, #0
0089 ---- 1517                         jsr         gpioCfgMode
               ;? gpioClearOutput(cfg.pAuxioXsVs[1]);
008a ---- 7878                         ld          R7, [#(irled/cfg/pAuxioXsVs + 1)]
008b ---- 1526                         jsr         gpioClearOutput
               ;? // Schedule the first execution
               ;? fwScheduleTask(1);
008c ---- 0001                         ld          R0, #1
008d ---- 0c67                         st          R0, [#(pFwTaskExecuteScheduleTable + 0)]
               irled/initializeDone:
008e ---- adb7                         rts         
                                       
                                       
                                       
                                       
               irled/execute:
               ;? if(state.exit == 0) {
008f ---- 087d                         ld          R0, [#irled/state/exit]
0090 ---- 8a00                         cmp         R0, #0
0091 ---- be7e                         bneq        /id0110
               ;?     gpioSetOutput(cfg.pAuxioXsVs[0]); //DIO_8 high, Power on TSOP38140 at start
0092 ---- 7877                             ld          R7, [#(irled/cfg/pAuxioXsVs + 0)]
0093 ---- 152e                             jsr         gpioSetOutput
               ;?     fwDelayUs(150, FW_DELAY_RANGE_200_US); // TSOP38140 power on output stable delay 1ms, 4 covert cycles.
0094 ---- 7071                             ld          R7, #(((150 * 24 ) + ((1 << 5) - 1)) >> 5)
0095 ---- 6005                             ld          R6, #5
0096 ---- 1536                             jsr         FwDelay
               ;?     output.buzz = 0;
0097 ---- 0000                             ld          R0, #0
0098 ---- 0c79                             st          R0, [#irled/output/buzz]
               ;?     U16 m = 1;
0099 ---- 2001                             ld          R2, #1
               ;?     for(U16 n=0; n<TD_MAX; n++){
009a ---- 0000                             ld          R0, #0
               /id0147:
               ;?         if(n<TPI_N) {
009b ---- 8a06                                 cmp         R0, #6
009c ---- a60c                                 bgeu        /id0120
               ;?             gpioGenPulseTrain(AUXIO_O_LED,1,ACTIVE_DURATION,INACTIVE_DURATION,1);
009d ---- 5001                                     ld          R5, #1
               /id0123:
009e ---- 660f                                     iobset      #(10 & 0x7), [#(IOP_AIODIO0_GPIODOUT + (10 >> 3))]
009f ---- 1003                                     ld          R1, #(6 - 3)
00a0 ---- 8500                                     loop        R1, /id0124
00a1 ---- fd47                                     nop         
               /id0124:
00a2 ---- 460f                                     iobclr      #(10 & 0x7), [#(IOP_AIODIO0_GPIODOUT + (10 >> 3))]
00a3 ---- 108b                                     ld          R1, #(144 - 5)
00a4 ---- 8500                                     loop        R1, /id0125
00a5 ---- fd47                                     nop         
               /id0125:
00a6 ---- d8ff                                     add         R5, #-1
00a7 ---- bef6                                     bnz         /id0123
               ;?         } else {
00a8 ---- 04af                                 jmp         /id0122
               /id0120:
               ;?             timer0Start(TIMER0_MODE_SINGLE, 300, 0); // half of 40khz period
00a9 ---- 112c                                     ld          R1, #300
00aa ---- 9b0c                                     out         R1, [#IOP_TIMER01_T0TARGET]
00ab ---- 1000                                     ld          R1, #((0 << IOB_TIMER01_TXCFG_PRE) | (0 * BV_TIMER01_TXCFG_RELOAD))
00ac ---- 9b09                                     out         R1, [#IOP_TIMER01_T0CFG]
00ad ---- 640b                                     iobset      #0, [#IOP_TIMER01_T0CTL]
               ;?             timer0Wait();
00ae ---- cdb1                                     wev1        #WEVSEL_TIMER0
               ;?         }
               /id0122:
               ;?         gpioGetInputValue(AUXIO_I_OUT; state.out[n]);
00af ---- 5003                                 ld          R5, #3
00b0 ---- 153c                                 jsr         gpioGetInputValue
00b1 ---- 107e                                 ld          R1, #(irled/state/out + 0)
00b2 ---- ff39                                 st          R7, [R1+R0]
               ;?         if(state.out[n] == 0) {
00b3 ---- 107e                                 ld          R1, #(irled/state/out + 0)
00b4 ---- 9f19                                 ld          R1, [R1+R0]
00b5 ---- 9a00                                 cmp         R1, #0
00b6 ---- be07                                 bneq        /id0135
               ;?             if(m == 0) {
00b7 ---- aa00                                     cmp         R2, #0
00b8 ---- be03                                     bneq        /id0139
               ;?                 output.buzz = 1;
00b9 ---- 0001                                         ld          R0, #1
00ba ---- 0c79                                         st          R0, [#irled/output/buzz]
               ;?                 n = TD_MAX;
00bb ---- 0009                                         ld          R0, #9
               ;?             }
               /id0139:
               ;?             m = 0;
00bc ---- 2000                                     ld          R2, #0
               ;?         } else {
00bd ---- 04c5                                 jmp         /id0138
               /id0135:
               ;?             timer0Start(TIMER0_MODE_SINGLE, 300, 0); // half of 40khz period
00be ---- 112c                                     ld          R1, #300
00bf ---- 9b0c                                     out         R1, [#IOP_TIMER01_T0TARGET]
00c0 ---- 1000                                     ld          R1, #((0 << IOB_TIMER01_TXCFG_PRE) | (0 * BV_TIMER01_TXCFG_RELOAD))
00c1 ---- 9b09                                     out         R1, [#IOP_TIMER01_T0CFG]
00c2 ---- 640b                                     iobset      #0, [#IOP_TIMER01_T0CTL]
               ;?             timer0Wait();
00c3 ---- cdb1                                     wev1        #WEVSEL_TIMER0
               ;?             m = 1;
00c4 ---- 2001                                     ld          R2, #1
               ;?         }
               /id0138:
               ;?     }
00c5 ---- 8801                             add         R0, #1
00c6 ---- 8a09                             cmp         R0, #9
00c7 ---- aed3                             bltu        /id0147
               ;? 
               ;?     gpioClearOutput(cfg.pAuxioXsVs[0]); //Power off TSOP38140 at the end
00c8 ---- 7877                             ld          R7, [#(irled/cfg/pAuxioXsVs + 0)]
00c9 ---- 1526                             jsr         gpioClearOutput
               ;? 
               ;?     if(output.buzz == 1) {
00ca ---- 0879                             ld          R0, [#irled/output/buzz]
00cb ---- 8a01                             cmp         R0, #1
00cc ---- be0e                             bneq        /id0152
               ;?         if(state.buzz == 0) {
00cd ---- 087b                                 ld          R0, [#irled/state/buzz]
00ce ---- 8a00                                 cmp         R0, #0
00cf ---- be07                                 bneq        /id0155
               ;?             cfg.dCount = 5;
00d0 ---- 0005                                     ld          R0, #5
00d1 ---- 0c76                                     st          R0, [#irled/cfg/dCount]
               ;?             state.dCount = cfg.dCount;
00d2 ---- 0876                                     ld          R0, [#irled/cfg/dCount]
00d3 ---- 0c7c                                     st          R0, [#irled/state/dCount]
               ;?             state.exit = 1;
00d4 ---- 0001                                     ld          R0, #1
00d5 ---- 0c7d                                     st          R0, [#irled/state/exit]
               ;?         } else {
00d6 ---- 04da                                 jmp         /id0157
               /id0155:
               ;?             state.dCount -= 1;
00d7 ---- 087c                                     ld          R0, [#irled/state/dCount]
00d8 ---- 88ff                                     add         R0, #-1
00d9 ---- 0c7c                                     st          R0, [#irled/state/dCount]
               ;?         }
               /id0157:
               ;?     } else {
00da ---- 04e8                             jmp         /id0154
               /id0152:
               ;?         if(state.buzz == 1) {
00db ---- 087b                                 ld          R0, [#irled/state/buzz]
00dc ---- 8a01                                 cmp         R0, #1
00dd ---- be07                                 bneq        /id0163
               ;?             cfg.dCount = 60;
00de ---- 003c                                     ld          R0, #60
00df ---- 0c76                                     st          R0, [#irled/cfg/dCount]
               ;?             state.dCount = cfg.dCount;
00e0 ---- 0876                                     ld          R0, [#irled/cfg/dCount]
00e1 ---- 0c7c                                     st          R0, [#irled/state/dCount]
               ;?             state.exit = 1;
00e2 ---- 0001                                     ld          R0, #1
00e3 ---- 0c7d                                     st          R0, [#irled/state/exit]
               ;?         } else {
00e4 ---- 04e8                                 jmp         /id0165
               /id0163:
               ;?             state.dCount -= 1;
00e5 ---- 087c                                     ld          R0, [#irled/state/dCount]
00e6 ---- 88ff                                     add         R0, #-1
00e7 ---- 0c7c                                     st          R0, [#irled/state/dCount]
               ;?         }
               /id0165:
               ;?     }
               /id0154:
               ;?     state.buzz = output.buzz;
00e8 ---- 0879                             ld          R0, [#irled/output/buzz]
00e9 ---- 0c7b                             st          R0, [#irled/state/buzz]
               ;? 
               ;?     if(state.dCount == 0) {
00ea ---- 087c                             ld          R0, [#irled/state/dCount]
00eb ---- 8a00                             cmp         R0, #0
00ec ---- be04                             bneq        /id0172
               ;?         state.dCount = cfg.dCount;
00ed ---- 0876                                 ld          R0, [#irled/cfg/dCount]
00ee ---- 0c7c                                 st          R0, [#irled/state/dCount]
               ;?         state.exit = 1;
00ef ---- 0001                                 ld          R0, #1
00f0 ---- 0c7d                                 st          R0, [#irled/state/exit]
               ;?     }
               /id0172:
               ;?     if(state.bCount == cfg.bCount) {
00f1 ---- 087a                             ld          R0, [#irled/state/bCount]
00f2 ---- 1875                             ld          R1, [#irled/cfg/bCount]
00f3 ---- 8d29                             cmp         R0, R1
00f4 ---- be02                             bneq        /id0176
               ;?         state.exit = 1;
00f5 ---- 0001                                 ld          R0, #1
00f6 ---- 0c7d                                 st          R0, [#irled/state/exit]
               ;?     }
               /id0176:
               ;?     if(state.exit == 1) {
00f7 ---- 087d                             ld          R0, [#irled/state/exit]
00f8 ---- 8a01                             cmp         R0, #1
00f9 ---- be05                             bneq        /id0180
               ;?         state.exit = 0;  // keep going
00fa ---- 0000                                 ld          R0, #0
00fb ---- 0c7d                                 st          R0, [#irled/state/exit]
               ;?         fwGenAlertInterrupt(); // Generate ALERT interrupt
00fc ---- 086c                                 ld          R0, [#fwCtrlInt/bvTaskIoAlert]
00fd ---- 8201                                 or          R0, #(1 << 0)
00fe ---- 0c6c                                 st          R0, [#fwCtrlInt/bvTaskIoAlert]
               ;?     }
               /id0180:
               ;?     if(output.buzz == 1) {
00ff ---- 0879                             ld          R0, [#irled/output/buzz]
0100 ---- 8a01                             cmp         R0, #1
0101 ---- be0e                             bneq        /id0184
               ;?         timer0Start(TIMER0_MODE_PERIODICAL, 4000, 0); // 3kHz
0102 860f 03a0                                 ld          R0, #4000
0104 ---- 8b0c                                 out         R0, [#IOP_TIMER01_T0TARGET]
0105 ---- 0001                                 ld          R0, #((0 << IOB_TIMER01_TXCFG_PRE) | (1 * BV_TIMER01_TXCFG_RELOAD))
0106 ---- 8b09                                 out         R0, [#IOP_TIMER01_T0CFG]
0107 ---- 640b                                 iobset      #0, [#IOP_TIMER01_T0CTL]
               ;?         for(U16 n=0;n<100;n++){
0108 ---- 0000                                 ld          R0, #0
               /id0192:
               ;?             gpioToggleOutput(cfg.pAuxioXsVs[1]);
0109 ---- 7878                                     ld          R7, [#(irled/cfg/pAuxioXsVs + 1)]
010a ---- 1543                                     jsr         gpioToggleOutput
               ;?             timer0Wait();
010b ---- cdb1                                     wev1        #WEVSEL_TIMER0
               ;?         }
010c ---- 8801                                 add         R0, #1
010d ---- 8a64                                 cmp         R0, #100
010e ---- aefa                                 bltu        /id0192
               ;?         timer0Stop();
010f ---- 440b                                 iobclr      #0, [#IOP_TIMER01_T0CTL]
               ;?     }
               /id0184:
               ;? } //if skip == 0
               /id0110:
               ;? state.bCount += 1;
0110 ---- 087a                         ld          R0, [#irled/state/bCount]
0111 ---- 8801                         add         R0, #1
0112 ---- 0c7a                         st          R0, [#irled/state/bCount]
               ;? fwScheduleTask(1); // Schedule the next execution of the task
0113 ---- 0001                         ld          R0, #1
0114 ---- 0c67                         st          R0, [#(pFwTaskExecuteScheduleTable + 0)]
               irled/executeDone:
0115 ---- adb7                         rts         
                                       
                                       
                                       
                                       
               irled/terminate:
               ;? 
               irled/terminateDone:
0116 ---- adb7                         rts         
               .segment end "Task: IRLED"
               
               
               .segment begin "Procedure Libary"
               ; PARAMETERS:
               ;     R7 = AUX I/O index
               ;     R6 = AUX I/O mode
               ;
               ; CLOBBERS:
               ;     R4, R5, R6, R7
               gpioCfgMode:            ; Calculate the address of the IOMODE register be modified
0117 ---- dd47                         ld          R5, R7
0118 ---- ddab                         lsr         R5, #3
0119 ---- d810                         add         R5, #IOP_AIODIO0_IOMODE
               
                                       ; Calculate the position of the IOMODE field to be modified
011a ---- f007                         and         R7, #0x0007
               
                                       ; Shift up the selected I/O mode to the field position (2 bits per field)
011b ---- ed87                         lsl         R6, R7
011c ---- ed87                         lsl         R6, R7
               
                                       ; Create a bit-vector to mask out the existing field value (2 bits per field)
011d ---- 4003                         ld          R4, #0x0003
011e ---- cd87                         lsl         R4, R7
011f ---- cd87                         lsl         R4, R7
0120 ---- cd92                         inv         R4
               
                                       ; Modify the I/O mode register
0121 ---- ff05                         in          R7, [R5]
0122 ---- fd04                         and         R7, R4
0123 ---- fd0e                         or          R7, R6
0124 ---- ff25                         out         R7, [R5]
               
                                       ; Done
0125 ---- adb7                         rts
               
               
               
               
               ; PARAMETERS:
               ;     R7 = AUX I/O index
               ;
               ; CLOBBERS:
               ;     R5, R6, R7
               gpioClearOutput:
                                       ; Calculate the I/O register address
0126 ---- ed47                         ld          R6, R7
0127 ---- edab                         lsr         R6, #3
0128 ---- e816                         add         R6, #IOP_AIODIO0_GPIODOUTCLR
               
                                       ; Create the bit-vector to be used for manipulation
0129 ---- f007                         and         R7, #0x0007
012a ---- 5001                         ld          R5, #1
012b ---- dd87                         lsl         R5, R7
               
                                       ; Set the GPIO
012c ---- df26                         out         R5, [R6]
012d ---- adb7                         rts
               
               
               
               
               ; PARAMETERS:
               ;     R7 = AUX I/O index
               ;
               ; CLOBBERS:
               ;     R5, R6, R7
               gpioSetOutput:
                                       ; Calculate the I/O register address
012e ---- ed47                         ld          R6, R7
012f ---- edab                         lsr         R6, #3
0130 ---- e814                         add         R6, #IOP_AIODIO0_GPIODOUTSET
               
                                       ; Create the bit-vector to be used for manipulation
0131 ---- f007                         and         R7, #0x0007
0132 ---- 5001                         ld          R5, #1
0133 ---- dd87                         lsl         R5, R7
               
                                       ; Set the GPIO
0134 ---- df26                         out         R5, [R6]
0135 ---- adb7                         rts
               
               
               
               
               ; 3 + 5 CPU cycles = 16 clock cycles = 0.66 microsecond are added to the specified delay (parameter
               ; loading and timer configuration)
               ;
               ; PARAMETERS:
               ;     R7 = Delay
               ;     R6 = Prescaler exponent
               ;
               ; CLOBBERS:
               ;     R6
               FwDelay:
                                       ; Set the delay
0136 ---- fb0c                         out         R7, [#IOP_TIMER01_T0TARGET]
               
                                       ; Configure the timer (from clock, single-mode, prescaler exponent = R6)
0137 ---- eda4                         lsl         R6, #4
0138 ---- eb09                         out         R6, [#IOP_TIMER01_T0CFG]
               
                                       ; Start the timer, wait for it to trigger, and stop it
0139 ---- 640b                         iobset      #0, [#IOP_TIMER01_T0CTL]
013a ---- cdb1                         wev1        #WEVSEL_TIMER0
013b ---- adb7                         rts
               
               
               
               
               ; PARAMETERS:
               ;     R5 = AUX I/O index
               ;
               ; CLOBBERS:
               ;     R6, R7
               gpioGetInputValue:
                                       ; Get GPIOs 15:8
013c ---- e913                         in          R6, [#IOP_AIODIO1_GPIODIN]
013d ---- eda0                         lsl         R6, #8
               
                                       ; Get GPIOs 7:0 and combine
013e ---- f912                         in          R7, [#IOP_AIODIO0_GPIODIN]
013f ---- fd0e                         or          R7, R6
               
                                       ; Move the desired GPIO pin value into bit 0 and mask
0140 ---- fd8d                         lsr         R7, R5
0141 ---- f001                         and         R7, #0x0001
0142 ---- adb7                         rts
               
               
               
               
               ; PARAMETERS:
               ;     R7 = AUX I/O index
               ;
               ; CLOBBERS:
               ;     R5, R6, R7
               gpioToggleOutput:
                                       ; Calculate the I/O register address
0143 ---- ed47                         ld          R6, R7
0144 ---- edab                         lsr         R6, #3
0145 ---- e818                         add         R6, #IOP_AIODIO0_GPIODOUTTGL
               
                                       ; Create the bit-vector to be used for manipulation
0146 ---- f007                         and         R7, #0x0007
0147 ---- 5001                         ld          R5, #1
0148 ---- dd87                         lsl         R5, R7
               
                                       ; Toggle the GPIO
0149 ---- df26                         out         R5, [R6]
014a ---- adb7                         rts
               .segment end "Procedure Libary"
               

; Generated by DESKTOP-NJ22OJR at 2018-08-19 12:29:49.871
