<?xml version="1.0" encoding="ISO-8859-1" ?>
<link_info>
   <banner>TI ARM Linker Unix v18.1.3.LTS</banner>
   <copyright>Copyright (c) 1996-2017 Texas Instruments Incorporated</copyright>
   <link_time>0x5b86b20e</link_time>
   <link_errors>0x0</link_errors>
   <output_file>irws_nortos_ccs.out</output_file>
   <entry_point>
      <name>resetISR</name>
      <address>0x3d1d</address>
   </entry_point>
   <input_file_list>
      <input_file id="fl-2">
         <path>./Application/</path>
         <kind>object</kind>
         <file>beacon_nortos.obj</file>
         <name>beacon_nortos.obj</name>
      </input_file>
      <input_file id="fl-3">
         <path>./CC2640R2_RSM/</path>
         <kind>object</kind>
         <file>CC2640R2_RSM.obj</file>
         <name>CC2640R2_RSM.obj</name>
      </input_file>
      <input_file id="fl-4">
         <path>./Startup/</path>
         <kind>object</kind>
         <file>ccfg.obj</file>
         <name>ccfg.obj</name>
      </input_file>
      <input_file id="fl-5">
         <path>./Startup/</path>
         <kind>object</kind>
         <file>main.obj</file>
         <name>main.obj</name>
      </input_file>
      <input_file id="fl-6">
         <path>./TSOP38140/</path>
         <kind>object</kind>
         <file>scif_framework.obj</file>
         <name>scif_framework.obj</name>
      </input_file>
      <input_file id="fl-7">
         <path>./TSOP38140/</path>
         <kind>object</kind>
         <file>scif_osal_none.obj</file>
         <name>scif_osal_none.obj</name>
      </input_file>
      <input_file id="fl-8">
         <path>./TSOP38140/</path>
         <kind>object</kind>
         <file>scif_tsop38140.obj</file>
         <name>scif_tsop38140.obj</name>
      </input_file>
      <input_file id="fl-9">
         <path>./smartrf_settings/</path>
         <kind>object</kind>
         <file>smartrf_settings.obj</file>
         <name>smartrf_settings.obj</name>
      </input_file>
      <input_file id="fl-22">
         <path>/root/ti/simplelink_cc2640r2_sdk_2_20_00_49/source/ti/devices/cc26x0r2/driverlib/bin/ccs/</path>
         <kind>archive</kind>
         <file>driverlib.lib</file>
         <name>adi.obj</name>
      </input_file>
      <input_file id="fl-23">
         <path>/root/ti/simplelink_cc2640r2_sdk_2_20_00_49/source/ti/devices/cc26x0r2/driverlib/bin/ccs/</path>
         <kind>archive</kind>
         <file>driverlib.lib</file>
         <name>chipinfo.obj</name>
      </input_file>
      <input_file id="fl-25">
         <path>/root/ti/simplelink_cc2640r2_sdk_2_20_00_49/source/ti/devices/cc26x0r2/driverlib/bin/ccs/</path>
         <kind>archive</kind>
         <file>driverlib.lib</file>
         <name>driverlib_release.obj</name>
      </input_file>
      <input_file id="fl-26">
         <path>/root/ti/simplelink_cc2640r2_sdk_2_20_00_49/source/ti/devices/cc26x0r2/driverlib/bin/ccs/</path>
         <kind>archive</kind>
         <file>driverlib.lib</file>
         <name>interrupt.obj</name>
      </input_file>
      <input_file id="fl-27">
         <path>/root/ti/simplelink_cc2640r2_sdk_2_20_00_49/source/ti/devices/cc26x0r2/driverlib/bin/ccs/</path>
         <kind>archive</kind>
         <file>driverlib.lib</file>
         <name>osc.obj</name>
      </input_file>
      <input_file id="fl-28">
         <path>/root/ti/simplelink_cc2640r2_sdk_2_20_00_49/source/ti/devices/cc26x0r2/driverlib/bin/ccs/</path>
         <kind>archive</kind>
         <file>driverlib.lib</file>
         <name>rfc.obj</name>
      </input_file>
      <input_file id="fl-29">
         <path>/root/ti/simplelink_cc2640r2_sdk_2_20_00_49/source/ti/devices/cc26x0r2/driverlib/bin/ccs/</path>
         <kind>archive</kind>
         <file>driverlib.lib</file>
         <name>setup.obj</name>
      </input_file>
      <input_file id="fl-2a">
         <path>/root/ti/simplelink_cc2640r2_sdk_2_20_00_49/source/ti/devices/cc26x0r2/driverlib/bin/ccs/</path>
         <kind>archive</kind>
         <file>driverlib.lib</file>
         <name>sys_ctrl.obj</name>
      </input_file>
      <input_file id="fl-2b">
         <path>/root/ti/simplelink_cc2640r2_sdk_2_20_00_49/source/ti/devices/cc26x0r2/driverlib/bin/ccs/</path>
         <kind>archive</kind>
         <file>driverlib.lib</file>
         <name>uart.obj</name>
      </input_file>
      <input_file id="fl-e5">
         <path>/opt/ti/ccsv8/tools/compiler/ti-cgt-arm_18.1.3.LTS/lib/</path>
         <kind>archive</kind>
         <file>rtsv7M3_T_le_eabi.lib</file>
         <name>copy_zero_init.c.obj</name>
      </input_file>
      <input_file id="fl-e6">
         <path>/opt/ti/ccsv8/tools/compiler/ti-cgt-arm_18.1.3.LTS/lib/</path>
         <kind>archive</kind>
         <file>rtsv7M3_T_le_eabi.lib</file>
         <name>copy_decompress_none.c.obj</name>
      </input_file>
      <input_file id="fl-e7">
         <path>/opt/ti/ccsv8/tools/compiler/ti-cgt-arm_18.1.3.LTS/lib/</path>
         <kind>archive</kind>
         <file>rtsv7M3_T_le_eabi.lib</file>
         <name>copy_decompress_lzss.c.obj</name>
      </input_file>
      <input_file id="fl-e8">
         <path>/opt/ti/ccsv8/tools/compiler/ti-cgt-arm_18.1.3.LTS/lib/</path>
         <kind>archive</kind>
         <file>rtsv7M3_T_le_eabi.lib</file>
         <name>memory.c.obj</name>
      </input_file>
      <input_file id="fl-e9">
         <path>/opt/ti/ccsv8/tools/compiler/ti-cgt-arm_18.1.3.LTS/lib/</path>
         <kind>archive</kind>
         <file>rtsv7M3_T_le_eabi.lib</file>
         <name>_lock.c.obj</name>
      </input_file>
      <input_file id="fl-ed">
         <path>/opt/ti/ccsv8/tools/compiler/ti-cgt-arm_18.1.3.LTS/lib/</path>
         <kind>archive</kind>
         <file>rtsv7M3_T_le_eabi.lib</file>
         <name>pre_init.c.obj</name>
      </input_file>
      <input_file id="fl-ee">
         <path>/opt/ti/ccsv8/tools/compiler/ti-cgt-arm_18.1.3.LTS/lib/</path>
         <kind>archive</kind>
         <file>rtsv7M3_T_le_eabi.lib</file>
         <name>cpy_tbl.c.obj</name>
      </input_file>
      <input_file id="fl-f1">
         <path>/tmp/</path>
         <kind>object</kind>
         <file>TI66BHBS20b</file>
         <name>TI66BHBS20b</name>
      </input_file>
      <input_file id="fl-11">
         <kind>object</kind>
         <file>&lt;internal&gt;</file>
         <name>&lt;internal&gt;</name>
      </input_file>
      <input_file id="fl-12">
         <path>/root/ti/simplelink_cc2640r2_sdk_2_20_00_49/source/ti/drivers/rf/lib/</path>
         <kind>archive</kind>
         <file>rf_singleMode_cc26x0r2.aem3</file>
         <name>RFCC26XX_singleMode.oem3</name>
      </input_file>
      <input_file id="fl-13">
         <path>/root/ti/simplelink_cc2640r2_sdk_2_20_00_49/source/ti/drivers/lib/</path>
         <kind>archive</kind>
         <file>drivers_cc26x0r2.aem3</file>
         <name>List.oem3</name>
      </input_file>
      <input_file id="fl-14">
         <path>/root/ti/simplelink_cc2640r2_sdk_2_20_00_49/source/ti/drivers/lib/</path>
         <kind>archive</kind>
         <file>drivers_cc26x0r2.aem3</file>
         <name>PINCC26XX.oem3</name>
      </input_file>
      <input_file id="fl-15">
         <path>/root/ti/simplelink_cc2640r2_sdk_2_20_00_49/source/ti/drivers/lib/</path>
         <kind>archive</kind>
         <file>drivers_cc26x0r2.aem3</file>
         <name>PowerCC26XX.oem3</name>
      </input_file>
      <input_file id="fl-16">
         <path>/root/ti/simplelink_cc2640r2_sdk_2_20_00_49/source/ti/drivers/lib/</path>
         <kind>archive</kind>
         <file>drivers_cc26x0r2.aem3</file>
         <name>PowerCC26XX_calibrateRCOSC.oem3</name>
      </input_file>
      <input_file id="fl-17">
         <path>/root/ti/simplelink_cc2640r2_sdk_2_20_00_49/source/ti/drivers/lib/</path>
         <kind>archive</kind>
         <file>drivers_cc26x0r2.aem3</file>
         <name>UARTCC26XX.oem3</name>
      </input_file>
      <input_file id="fl-18">
         <path>/root/ti/simplelink_cc2640r2_sdk_2_20_00_49/source/ti/drivers/lib/</path>
         <kind>archive</kind>
         <file>drivers_cc26x0r2.aem3</file>
         <name>RingBuf.oem3</name>
      </input_file>
      <input_file id="fl-19">
         <path>/root/ti/simplelink_cc2640r2_sdk_2_20_00_49/kernel/nortos/lib/</path>
         <kind>archive</kind>
         <file>nortos_cc26x0r2.aem3</file>
         <name>NoRTOS.oem3</name>
      </input_file>
      <input_file id="fl-1a">
         <path>/root/ti/simplelink_cc2640r2_sdk_2_20_00_49/kernel/nortos/lib/</path>
         <kind>archive</kind>
         <file>nortos_cc26x0r2.aem3</file>
         <name>SemaphoreP_nortos.oem3</name>
      </input_file>
      <input_file id="fl-1b">
         <path>/root/ti/simplelink_cc2640r2_sdk_2_20_00_49/kernel/nortos/lib/</path>
         <kind>archive</kind>
         <file>nortos_cc26x0r2.aem3</file>
         <name>SwiP_nortos.oem3</name>
      </input_file>
      <input_file id="fl-1c">
         <path>/root/ti/simplelink_cc2640r2_sdk_2_20_00_49/kernel/nortos/lib/</path>
         <kind>archive</kind>
         <file>nortos_cc26x0r2.aem3</file>
         <name>ClockPTimer_nortos.oem3</name>
      </input_file>
      <input_file id="fl-1d">
         <path>/root/ti/simplelink_cc2640r2_sdk_2_20_00_49/kernel/nortos/lib/</path>
         <kind>archive</kind>
         <file>nortos_cc26x0r2.aem3</file>
         <name>TimerPCC26XX_nortos.oem3</name>
      </input_file>
      <input_file id="fl-1e">
         <path>/root/ti/simplelink_cc2640r2_sdk_2_20_00_49/kernel/nortos/lib/</path>
         <kind>archive</kind>
         <file>nortos_cc26x0r2.aem3</file>
         <name>HwiPCC26XX_nortos.oem3</name>
      </input_file>
      <input_file id="fl-1f">
         <path>/root/ti/simplelink_cc2640r2_sdk_2_20_00_49/kernel/nortos/lib/</path>
         <kind>archive</kind>
         <file>nortos_cc26x0r2.aem3</file>
         <name>PowerCC26XX_nortos.oem3</name>
      </input_file>
      <input_file id="fl-20">
         <path>/root/ti/simplelink_cc2640r2_sdk_2_20_00_49/kernel/nortos/lib/</path>
         <kind>archive</kind>
         <file>nortos_cc26x0r2.aem3</file>
         <name>startup_cc13xx_cc26xx_ccs.oem3</name>
      </input_file>
      <input_file id="fl-21">
         <path>/root/ti/simplelink_cc2640r2_sdk_2_20_00_49/kernel/nortos/lib/</path>
         <kind>archive</kind>
         <file>nortos_cc26x0r2.aem3</file>
         <name>QueueP_nortos.oem3</name>
      </input_file>
      <input_file id="fl-24">
         <path>/root/ti/simplelink_cc2640r2_sdk_2_20_00_49/source/ti/devices/cc26x0r2/driverlib/bin/ccs/</path>
         <kind>archive</kind>
         <file>driverlib.lib</file>
         <name>cpu.obj</name>
      </input_file>
      <input_file id="fl-e1">
         <path>/opt/ti/ccsv8/tools/compiler/ti-cgt-arm_18.1.3.LTS/lib/</path>
         <kind>archive</kind>
         <file>rtsv7M3_T_le_eabi.lib</file>
         <name>memset_t2.asm.obj</name>
      </input_file>
      <input_file id="fl-e2">
         <path>/opt/ti/ccsv8/tools/compiler/ti-cgt-arm_18.1.3.LTS/lib/</path>
         <kind>archive</kind>
         <file>rtsv7M3_T_le_eabi.lib</file>
         <name>ull_div_t2.asm.obj</name>
      </input_file>
      <input_file id="fl-e3">
         <path>/opt/ti/ccsv8/tools/compiler/ti-cgt-arm_18.1.3.LTS/lib/</path>
         <kind>archive</kind>
         <file>rtsv7M3_T_le_eabi.lib</file>
         <name>ll_mul_t2.asm.obj</name>
      </input_file>
      <input_file id="fl-e4">
         <path>/opt/ti/ccsv8/tools/compiler/ti-cgt-arm_18.1.3.LTS/lib/</path>
         <kind>archive</kind>
         <file>rtsv7M3_T_le_eabi.lib</file>
         <name>memcpy_t2.asm.obj</name>
      </input_file>
      <input_file id="fl-ea">
         <path>/opt/ti/ccsv8/tools/compiler/ti-cgt-arm_18.1.3.LTS/lib/</path>
         <kind>archive</kind>
         <file>rtsv7M3_T_le_eabi.lib</file>
         <name>boot_cortex_m.c.obj</name>
      </input_file>
      <input_file id="fl-eb">
         <path>/opt/ti/ccsv8/tools/compiler/ti-cgt-arm_18.1.3.LTS/lib/</path>
         <kind>archive</kind>
         <file>rtsv7M3_T_le_eabi.lib</file>
         <name>div0.asm.obj</name>
      </input_file>
      <input_file id="fl-ec">
         <path>/opt/ti/ccsv8/tools/compiler/ti-cgt-arm_18.1.3.LTS/lib/</path>
         <kind>archive</kind>
         <file>rtsv7M3_T_le_eabi.lib</file>
         <name>autoinit.c.obj</name>
      </input_file>
      <input_file id="fl-ef">
         <path>/opt/ti/ccsv8/tools/compiler/ti-cgt-arm_18.1.3.LTS/lib/</path>
         <kind>archive</kind>
         <file>rtsv7M3_T_le_eabi.lib</file>
         <name>exit.c.obj</name>
      </input_file>
      <input_file id="fl-f0">
         <path>/opt/ti/ccsv8/tools/compiler/ti-cgt-arm_18.1.3.LTS/lib/</path>
         <kind>archive</kind>
         <file>rtsv7M3_T_le_eabi.lib</file>
         <name>args_main.c.obj</name>
      </input_file>
   </input_file_list>
   <object_component_list>
      <object_component id="oc-15">
         <name>.intvecs</name>
         <load_address>0x0</load_address>
         <run_address>0x0</run_address>
         <size>0xc8</size>
         <input_file_ref idref="fl-20"/>
      </object_component>
      <object_component id="oc-1c5">
         <name>.text:mainThread</name>
         <load_address>0xc8</load_address>
         <run_address>0xc8</run_address>
         <size>0x32c</size>
         <input_file_ref idref="fl-2"/>
      </object_component>
      <object_component id="oc-58c">
         <name>.text:PowerCC26XX_auxISR</name>
         <load_address>0x3f4</load_address>
         <run_address>0x3f4</run_address>
         <size>0x314</size>
         <input_file_ref idref="fl-16"/>
      </object_component>
      <object_component id="oc-604">
         <name>.text:RF_fsmActiveState</name>
         <load_address>0x708</load_address>
         <run_address>0x708</run_address>
         <size>0x2b0</size>
         <input_file_ref idref="fl-12"/>
      </object_component>
      <object_component id="oc-56d">
         <name>.text:Power_sleep</name>
         <load_address>0x9b8</load_address>
         <run_address>0x9b8</run_address>
         <size>0x22c</size>
         <input_file_ref idref="fl-15"/>
      </object_component>
      <object_component id="oc-6cc">
         <name>.text:NOROM_SysCtrlSetRechargeBeforePowerDown</name>
         <load_address>0xbe4</load_address>
         <run_address>0xbe4</run_address>
         <size>0x220</size>
         <input_file_ref idref="fl-2a"/>
      </object_component>
      <object_component id="oc-743">
         <name>.text:RF_hwiCpe0Active</name>
         <load_address>0xe04</load_address>
         <run_address>0xe04</run_address>
         <size>0x1c4</size>
         <input_file_ref idref="fl-12"/>
      </object_component>
      <object_component id="oc-1b9">
         <name>.text:PIN_init</name>
         <load_address>0xfc8</load_address>
         <run_address>0xfc8</run_address>
         <size>0x1b8</size>
         <input_file_ref idref="fl-14"/>
      </object_component>
      <object_component id="oc-2f2">
         <name>.text:RF_open</name>
         <load_address>0x1180</load_address>
         <run_address>0x1180</run_address>
         <size>0x1ac</size>
         <input_file_ref idref="fl-12"/>
      </object_component>
      <object_component id="oc-62a">
         <name>.text:RF_fsmSetupState</name>
         <load_address>0x132c</load_address>
         <run_address>0x132c</run_address>
         <size>0x1a4</size>
         <input_file_ref idref="fl-12"/>
      </object_component>
      <object_component id="oc-57a">
         <name>.text:PowerCC26XX_doCalibrate</name>
         <load_address>0x14d0</load_address>
         <run_address>0x14d0</run_address>
         <size>0x190</size>
         <input_file_ref idref="fl-16"/>
      </object_component>
      <object_component id="oc-1b3">
         <name>.text:Power_init</name>
         <load_address>0x1660</load_address>
         <run_address>0x1660</run_address>
         <size>0x12c</size>
         <input_file_ref idref="fl-15"/>
      </object_component>
      <object_component id="oc-39c">
         <name>.text:PowerCC26XX_standbyPolicy</name>
         <load_address>0x178c</load_address>
         <run_address>0x178c</run_address>
         <size>0x104</size>
         <input_file_ref idref="fl-1f"/>
      </object_component>
      <object_component id="oc-624">
         <name>.text:RF_radioOpDoneCb</name>
         <load_address>0x1890</load_address>
         <run_address>0x1890</run_address>
         <size>0xf4</size>
         <input_file_ref idref="fl-12"/>
      </object_component>
      <object_component id="oc-2a6">
         <name>.text:PINCC26XX_setIoCfg</name>
         <load_address>0x1984</load_address>
         <run_address>0x1984</run_address>
         <size>0xdc</size>
         <input_file_ref idref="fl-14"/>
      </object_component>
      <object_component id="oc-2c4">
         <name>.text:SwiP_construct</name>
         <load_address>0x1a60</load_address>
         <run_address>0x1a60</run_address>
         <size>0xd8</size>
         <input_file_ref idref="fl-1b"/>
      </object_component>
      <object_component id="oc-476">
         <name>.text:RF_fsmPowerUpState</name>
         <load_address>0x1b38</load_address>
         <run_address>0x1b38</run_address>
         <size>0xd0</size>
         <input_file_ref idref="fl-12"/>
      </object_component>
      <object_component id="oc-458">
         <name>.text:RF_swiHw</name>
         <load_address>0x1c08</load_address>
         <run_address>0x1c08</run_address>
         <size>0xcc</size>
         <input_file_ref idref="fl-12"/>
      </object_component>
      <object_component id="oc-304">
         <name>.text:RF_postCmd</name>
         <load_address>0x1cd4</load_address>
         <run_address>0x1cd4</run_address>
         <size>0xc0</size>
         <input_file_ref idref="fl-12"/>
      </object_component>
      <object_component id="oc-2fe">
         <name>.text:scifCtrlTasksNbl$4</name>
         <load_address>0x1d94</load_address>
         <run_address>0x1d94</run_address>
         <size>0xc0</size>
         <input_file_ref idref="fl-6"/>
      </object_component>
      <object_component id="oc-6e0">
         <name>.text:Power_releaseDependency</name>
         <load_address>0x1e54</load_address>
         <run_address>0x1e54</run_address>
         <size>0xbc</size>
         <input_file_ref idref="fl-15"/>
      </object_component>
      <object_component id="oc-6f">
         <name>.text:NOROM_SetupTrimDevice</name>
         <load_address>0x1f10</load_address>
         <run_address>0x1f10</run_address>
         <size>0xb8</size>
         <input_file_ref idref="fl-29"/>
      </object_component>
      <object_component id="oc-29a">
         <name>.text:Power_setDependency</name>
         <load_address>0x1fc8</load_address>
         <run_address>0x1fc8</run_address>
         <size>0xb4</size>
         <input_file_ref idref="fl-15"/>
      </object_component>
      <object_component id="oc-517">
         <name>.text:TimerP_construct</name>
         <load_address>0x207c</load_address>
         <run_address>0x207c</run_address>
         <size>0xb0</size>
         <input_file_ref idref="fl-1d"/>
      </object_component>
      <object_component id="oc-529">
         <name>.text:ClockP_workFuncDynamic</name>
         <load_address>0x212c</load_address>
         <run_address>0x212c</run_address>
         <size>0xa8</size>
         <input_file_ref idref="fl-1c"/>
      </object_component>
      <object_component id="oc-277">
         <name>.text:switchXOSCHFclockFunc</name>
         <load_address>0x21d4</load_address>
         <run_address>0x21d4</run_address>
         <size>0xa4</size>
         <input_file_ref idref="fl-15"/>
      </object_component>
      <object_component id="oc-5cf">
         <name>.text:SwiP_dispatch</name>
         <load_address>0x2278</load_address>
         <run_address>0x2278</run_address>
         <size>0xa0</size>
         <input_file_ref idref="fl-1b"/>
      </object_component>
      <object_component id="oc-372">
         <name>.text:ClockP_startup</name>
         <load_address>0x2318</load_address>
         <run_address>0x2318</run_address>
         <size>0x9c</size>
         <input_file_ref idref="fl-1c"/>
      </object_component>
      <object_component id="oc-54">
         <name>.text</name>
         <load_address>0x23b4</load_address>
         <run_address>0x23b4</run_address>
         <size>0x9c</size>
         <input_file_ref idref="fl-e4"/>
      </object_component>
      <object_component id="oc-641">
         <name>.text:RF_calculateDispatchTime</name>
         <load_address>0x2450</load_address>
         <run_address>0x2450</run_address>
         <size>0x98</size>
         <input_file_ref idref="fl-12"/>
      </object_component>
      <object_component id="oc-546">
         <name>.text</name>
         <load_address>0x24e8</load_address>
         <run_address>0x24e8</run_address>
         <size>0x96</size>
         <input_file_ref idref="fl-e2"/>
      </object_component>
      <object_component id="oc-728">
         <name>.text:NOROM_RFCAdi3VcoLdoVoltageMode</name>
         <load_address>0x257e</load_address>
         <run_address>0x257e</run_address>
         <size>0x2</size>
         <input_file_ref idref="fl-28"/>
      </object_component>
      <object_component id="oc-13d">
         <name>.text:TrimAfterColdResetWakeupFromShutDown$14</name>
         <load_address>0x2580</load_address>
         <run_address>0x2580</run_address>
         <size>0x90</size>
         <input_file_ref idref="fl-29"/>
      </object_component>
      <object_component id="oc-268">
         <name>.text:ClockP_start</name>
         <load_address>0x2610</load_address>
         <run_address>0x2610</run_address>
         <size>0x80</size>
         <input_file_ref idref="fl-1c"/>
      </object_component>
      <object_component id="oc-464">
         <name>.text:RF_hwiHw</name>
         <load_address>0x2690</load_address>
         <run_address>0x2690</run_address>
         <size>0x80</size>
         <input_file_ref idref="fl-12"/>
      </object_component>
      <object_component id="oc-5ef">
         <name>.text:RF_ratFreeChannel</name>
         <load_address>0x2710</load_address>
         <run_address>0x2710</run_address>
         <size>0x7c</size>
         <input_file_ref idref="fl-12"/>
      </object_component>
      <object_component id="oc-130">
         <name>.text</name>
         <load_address>0x278c</load_address>
         <run_address>0x278c</run_address>
         <size>0x7a</size>
         <input_file_ref idref="fl-e1"/>
      </object_component>
      <object_component id="oc-47f">
         <name>.text:RF_defaultCallback</name>
         <load_address>0x2806</load_address>
         <run_address>0x2806</run_address>
         <size>0x2</size>
         <input_file_ref idref="fl-12"/>
      </object_component>
      <object_component id="oc-43a">
         <name>.text:NOROM_RFCOverrideUpdate</name>
         <load_address>0x2808</load_address>
         <run_address>0x2808</run_address>
         <size>0x78</size>
         <input_file_ref idref="fl-28"/>
      </object_component>
      <object_component id="oc-691">
         <name>.text:ClockP_walkQueueDynamic</name>
         <load_address>0x2880</load_address>
         <run_address>0x2880</run_address>
         <size>0x74</size>
         <input_file_ref idref="fl-1c"/>
      </object_component>
      <object_component id="oc-2b8">
         <name>.text:HwiP_construct</name>
         <load_address>0x28f4</load_address>
         <run_address>0x28f4</run_address>
         <size>0x74</size>
         <input_file_ref idref="fl-1e"/>
      </object_component>
      <object_component id="oc-6d8">
         <name>.text:NOROM_SysCtrlAdjustRechargeAfterPowerDown</name>
         <load_address>0x2968</load_address>
         <run_address>0x2968</run_address>
         <size>0x70</size>
         <input_file_ref idref="fl-2a"/>
      </object_component>
      <object_component id="oc-7a6">
         <name>.text:TimerP_start</name>
         <load_address>0x29d8</load_address>
         <run_address>0x29d8</run_address>
         <size>0x70</size>
         <input_file_ref idref="fl-1d"/>
      </object_component>
      <object_component id="oc-27d">
         <name>.text:lfClockReadyCallback</name>
         <load_address>0x2a48</load_address>
         <run_address>0x2a48</run_address>
         <size>0x70</size>
         <input_file_ref idref="fl-15"/>
      </object_component>
      <object_component id="oc-3b7">
         <name>.text:NOROM_OSCHF_AttemptToSwitchToXosc</name>
         <load_address>0x2ab8</load_address>
         <run_address>0x2ab8</run_address>
         <size>0x6c</size>
         <input_file_ref idref="fl-27"/>
      </object_component>
      <object_component id="oc-580">
         <name>.text:PowerCC26XX_initiateCalibration</name>
         <load_address>0x2b24</load_address>
         <run_address>0x2b24</run_address>
         <size>0x6c</size>
         <input_file_ref idref="fl-16"/>
      </object_component>
      <object_component id="oc-3cb">
         <name>.text:configureXOSCHF</name>
         <load_address>0x2b90</load_address>
         <run_address>0x2b90</run_address>
         <size>0x6c</size>
         <input_file_ref idref="fl-15"/>
      </object_component>
      <object_component id="oc-55b">
         <name>.text:NOROM_SysCtrl_DCDC_VoltageConditionalControl</name>
         <load_address>0x2bfc</load_address>
         <run_address>0x2bfc</run_address>
         <size>0x68</size>
         <input_file_ref idref="fl-2a"/>
      </object_component>
      <object_component id="oc-7fa">
         <name>.text:RF_getCurrentTime</name>
         <load_address>0x2c64</load_address>
         <run_address>0x2c64</run_address>
         <size>0x68</size>
         <input_file_ref idref="fl-12"/>
      </object_component>
      <object_component id="oc-5d6">
         <name>.text:SwiP_post</name>
         <load_address>0x2ccc</load_address>
         <run_address>0x2ccc</run_address>
         <size>0x68</size>
         <input_file_ref idref="fl-1b"/>
      </object_component>
      <object_component id="oc-18">
         <name>.text:decompress:lzss:__TI_decompress_lzss</name>
         <load_address>0x2d34</load_address>
         <run_address>0x2d34</run_address>
         <size>0x68</size>
         <input_file_ref idref="fl-e7"/>
      </object_component>
      <object_component id="oc-3a2">
         <name>.text:PowerCC26XX_calibrate</name>
         <load_address>0x2d9c</load_address>
         <run_address>0x2d9c</run_address>
         <size>0x60</size>
         <input_file_ref idref="fl-15"/>
      </object_component>
      <object_component id="oc-586">
         <name>.text:PowerCC26XX_RCOSC_clockFunc</name>
         <load_address>0x2dfc</load_address>
         <run_address>0x2dfc</run_address>
         <size>0x5c</size>
         <input_file_ref idref="fl-16"/>
      </object_component>
      <object_component id="oc-4a0">
         <name>.text:RF_dispatchNextEvent</name>
         <load_address>0x2e58</load_address>
         <run_address>0x2e58</run_address>
         <size>0x5c</size>
         <input_file_ref idref="fl-12"/>
      </object_component>
      <object_component id="oc-2ec">
         <name>.text:RF_TxPowerTable_findValue</name>
         <load_address>0x2eb4</load_address>
         <run_address>0x2eb4</run_address>
         <size>0x58</size>
         <input_file_ref idref="fl-12"/>
      </object_component>
      <object_component id="oc-781">
         <name>.text:RF_cmdDispatchTime</name>
         <load_address>0x2f0c</load_address>
         <run_address>0x2f0c</run_address>
         <size>0x58</size>
         <input_file_ref idref="fl-12"/>
      </object_component>
      <object_component id="oc-779">
         <name>.text:RF_fsmXOSCState</name>
         <load_address>0x2f64</load_address>
         <run_address>0x2f64</run_address>
         <size>0x58</size>
         <input_file_ref idref="fl-12"/>
      </object_component>
      <object_component id="oc-66f">
         <name>.text:scifInitIo</name>
         <load_address>0x2fbc</load_address>
         <run_address>0x2fbc</run_address>
         <size>0x54</size>
         <input_file_ref idref="fl-6"/>
      </object_component>
      <object_component id="oc-319">
         <name>.text:taskAlertCallback</name>
         <load_address>0x3010</load_address>
         <run_address>0x3010</run_address>
         <size>0x54</size>
         <input_file_ref idref="fl-2"/>
      </object_component>
      <object_component id="oc-470">
         <name>.text:RF_wakeupNotification</name>
         <load_address>0x3064</load_address>
         <run_address>0x3064</run_address>
         <size>0x50</size>
         <input_file_ref idref="fl-12"/>
      </object_component>
      <object_component id="oc-3e6">
         <name>.text:SemaphoreP_construct</name>
         <load_address>0x30b4</load_address>
         <run_address>0x30b4</run_address>
         <size>0x50</size>
         <input_file_ref idref="fl-1a"/>
      </object_component>
      <object_component id="oc-78f">
         <name>.text:NOROM_IntPendSet</name>
         <load_address>0x3104</load_address>
         <run_address>0x3104</run_address>
         <size>0x4c</size>
         <input_file_ref idref="fl-26"/>
      </object_component>
      <object_component id="oc-654">
         <name>.text:applyBt5Patch$7</name>
         <load_address>0x3150</load_address>
         <run_address>0x3150</run_address>
         <size>0x4c</size>
         <input_file_ref idref="fl-9"/>
      </object_component>
      <object_component id="oc-250">
         <name>.text:ClockP_construct</name>
         <load_address>0x319c</load_address>
         <run_address>0x319c</run_address>
         <size>0x48</size>
         <input_file_ref idref="fl-1c"/>
      </object_component>
      <object_component id="oc-5a7">
         <name>.text:NOROM_OSCHF_SwitchToRcOscTurnOffXosc</name>
         <load_address>0x31e4</load_address>
         <run_address>0x31e4</run_address>
         <size>0x44</size>
         <input_file_ref idref="fl-27"/>
      </object_component>
      <object_component id="oc-6d2">
         <name>.text:SwiP_restore</name>
         <load_address>0x3228</load_address>
         <run_address>0x3228</run_address>
         <size>0x44</size>
         <input_file_ref idref="fl-1b"/>
      </object_component>
      <object_component id="oc-1e1">
         <name>.text:__TI_auto_init_nobinit_nopinit:__TI_auto_init_nobinit_nopinit</name>
         <load_address>0x326c</load_address>
         <run_address>0x326c</run_address>
         <size>0x44</size>
         <input_file_ref idref="fl-ec"/>
      </object_component>
      <object_component id="oc-2d6">
         <name>.text:PIN_swi</name>
         <load_address>0x32b0</load_address>
         <run_address>0x32b0</run_address>
         <size>0x40</size>
         <input_file_ref idref="fl-14"/>
      </object_component>
      <object_component id="oc-76d">
         <name>.text:PowerCC26XX_isStableXOSC_HF</name>
         <load_address>0x32f0</load_address>
         <run_address>0x32f0</run_address>
         <size>0x40</size>
         <input_file_ref idref="fl-15"/>
      </object_component>
      <object_component id="oc-6e9">
         <name>.text:NOROM_OSC_HPOSCRelativeFrequencyOffsetGet</name>
         <load_address>0x3330</load_address>
         <run_address>0x3330</run_address>
         <size>0x3c</size>
         <input_file_ref idref="fl-27"/>
      </object_component>
      <object_component id="oc-72e">
         <name>.text:NOROM_RFCSynthPowerDown</name>
         <load_address>0x336c</load_address>
         <run_address>0x336c</run_address>
         <size>0x3c</size>
         <input_file_ref idref="fl-28"/>
      </object_component>
      <object_component id="oc-73a">
         <name>.text:SemaphoreP_post</name>
         <load_address>0x33a8</load_address>
         <run_address>0x33a8</run_address>
         <size>0x3c</size>
         <input_file_ref idref="fl-1a"/>
      </object_component>
      <object_component id="oc-6aa">
         <name>.text:TimerP_setThreshold</name>
         <load_address>0x33e4</load_address>
         <run_address>0x33e4</run_address>
         <size>0x3c</size>
         <input_file_ref idref="fl-1d"/>
      </object_component>
      <object_component id="oc-25c">
         <name>.text:disableLfClkQualifiersEnableClkLoss</name>
         <load_address>0x3420</load_address>
         <run_address>0x3420</run_address>
         <size>0x3c</size>
         <input_file_ref idref="fl-15"/>
      </object_component>
      <object_component id="oc-561">
         <name>.text:ClockP_getTicksUntilInterrupt</name>
         <load_address>0x345c</load_address>
         <run_address>0x345c</run_address>
         <size>0x34</size>
         <input_file_ref idref="fl-1c"/>
      </object_component>
      <object_component id="oc-2f8">
         <name>.text:NOROM_IntRegister</name>
         <load_address>0x3490</load_address>
         <run_address>0x3490</run_address>
         <size>0x34</size>
         <input_file_ref idref="fl-26"/>
      </object_component>
      <object_component id="oc-3be">
         <name>.text:Power_releaseConstraint</name>
         <load_address>0x34c4</load_address>
         <run_address>0x34c4</run_address>
         <size>0x34</size>
         <input_file_ref idref="fl-15"/>
      </object_component>
      <object_component id="oc-634">
         <name>.text:RF_powerConstraintRelease</name>
         <load_address>0x34f8</load_address>
         <run_address>0x34f8</run_address>
         <size>0x34</size>
         <input_file_ref idref="fl-12"/>
      </object_component>
      <object_component id="oc-67c">
         <name>.text:TimerP_initDevice</name>
         <load_address>0x352c</load_address>
         <run_address>0x352c</run_address>
         <size>0x34</size>
         <input_file_ref idref="fl-1d"/>
      </object_component>
      <object_component id="oc-3ab">
         <name>.text:notify</name>
         <load_address>0x3560</load_address>
         <run_address>0x3560</run_address>
         <size>0x34</size>
         <input_file_ref idref="fl-15"/>
      </object_component>
      <object_component id="oc-553">
         <name>.text:TimerP_setNextTick</name>
         <load_address>0x3594</load_address>
         <run_address>0x3594</run_address>
         <size>0x32</size>
         <input_file_ref idref="fl-1d"/>
      </object_component>
      <object_component id="oc-313">
         <name>.text:ctrlReadyCallback</name>
         <load_address>0x35c6</load_address>
         <run_address>0x35c6</run_address>
         <size>0x2</size>
         <input_file_ref idref="fl-2"/>
      </object_component>
      <object_component id="oc-256">
         <name>.text:Power_setConstraint</name>
         <load_address>0x35c8</load_address>
         <run_address>0x35c8</run_address>
         <size>0x30</size>
         <input_file_ref idref="fl-15"/>
      </object_component>
      <object_component id="oc-389">
         <name>.text:TimerP_getCurrentTick</name>
         <load_address>0x35f8</load_address>
         <run_address>0x35f8</run_address>
         <size>0x30</size>
         <input_file_ref idref="fl-1d"/>
      </object_component>
      <object_component id="oc-192">
         <name>.text:main</name>
         <load_address>0x3628</load_address>
         <run_address>0x3628</run_address>
         <size>0x30</size>
         <input_file_ref idref="fl-5"/>
      </object_component>
      <object_component id="oc-4d3">
         <name>.text:scifTaskResourceInit$6</name>
         <load_address>0x3658</load_address>
         <run_address>0x3658</run_address>
         <size>0x30</size>
         <input_file_ref idref="fl-8"/>
      </object_component>
      <object_component id="oc-3f8">
         <name>.text:HwiP_dispatch</name>
         <load_address>0x3688</load_address>
         <run_address>0x3688</run_address>
         <size>0x2c</size>
         <input_file_ref idref="fl-1e"/>
      </object_component>
      <object_component id="oc-137">
         <name>.text:NOROM_ChipInfo_GetChipFamily</name>
         <load_address>0x36b4</load_address>
         <run_address>0x36b4</run_address>
         <size>0x2c</size>
         <input_file_ref idref="fl-23"/>
      </object_component>
      <object_component id="oc-787">
         <name>.text:RF_calculateDeltaTimeUs</name>
         <load_address>0x36e0</load_address>
         <run_address>0x36e0</run_address>
         <size>0x2c</size>
         <input_file_ref idref="fl-12"/>
      </object_component>
      <object_component id="oc-7ea">
         <name>.text:RF_executeDirectImmediateCmd</name>
         <load_address>0x370c</load_address>
         <run_address>0x370c</run_address>
         <size>0x2c</size>
         <input_file_ref idref="fl-12"/>
      </object_component>
      <object_component id="oc-75b">
         <name>.text:NOROM_RFCDoorbellSendTo</name>
         <load_address>0x3738</load_address>
         <run_address>0x3738</run_address>
         <size>0x28</size>
         <input_file_ref idref="fl-28"/>
      </object_component>
      <object_component id="oc-1ad">
         <name>.text:NoRTOS_setConfig</name>
         <load_address>0x3760</load_address>
         <run_address>0x3760</run_address>
         <size>0x28</size>
         <input_file_ref idref="fl-19"/>
      </object_component>
      <object_component id="oc-440">
         <name>.text:Power_registerNotify</name>
         <load_address>0x3788</load_address>
         <run_address>0x3788</run_address>
         <size>0x28</size>
         <input_file_ref idref="fl-15"/>
      </object_component>
      <object_component id="oc-45e">
         <name>.text:RF_hwiCpe0Power</name>
         <load_address>0x37b0</load_address>
         <run_address>0x37b0</run_address>
         <size>0x28</size>
         <input_file_ref idref="fl-12"/>
      </object_component>
      <object_component id="oc-734">
         <name>.text:RF_invokeGlobalCallback</name>
         <load_address>0x37d8</load_address>
         <run_address>0x37d8</run_address>
         <size>0x28</size>
         <input_file_ref idref="fl-12"/>
      </object_component>
      <object_component id="oc-595">
         <name>.text:SafeHapiVoid</name>
         <load_address>0x3800</load_address>
         <run_address>0x3800</run_address>
         <size>0x28</size>
         <input_file_ref idref="fl-22"/>
      </object_component>
      <object_component id="oc-4d9">
         <name>.text:scifTaskResourceUninit$6</name>
         <load_address>0x3828</load_address>
         <run_address>0x3828</run_address>
         <size>0x28</size>
         <input_file_ref idref="fl-8"/>
      </object_component>
      <object_component id="oc-395">
         <name>.text:ClockP_getTicks</name>
         <load_address>0x3850</load_address>
         <run_address>0x3850</run_address>
         <size>0x24</size>
         <input_file_ref idref="fl-1c"/>
      </object_component>
      <object_component id="oc-38f">
         <name>.text:ClockP_scheduleNextTick</name>
         <load_address>0x3874</load_address>
         <run_address>0x3874</run_address>
         <size>0x24</size>
         <input_file_ref idref="fl-1c"/>
      </object_component>
      <object_component id="oc-288">
         <name>.text:NOROM_ChipInfo_GetChipType</name>
         <load_address>0x3898</load_address>
         <run_address>0x3898</run_address>
         <size>0x24</size>
         <input_file_ref idref="fl-23"/>
      </object_component>
      <object_component id="oc-3f2">
         <name>.text:NOROM_IntPrioritySet</name>
         <load_address>0x38bc</load_address>
         <run_address>0x38bc</run_address>
         <size>0x24</size>
         <input_file_ref idref="fl-26"/>
      </object_component>
      <object_component id="oc-5a1">
         <name>.text:NOROM_OSCHF_TurnOnXosc</name>
         <load_address>0x38e0</load_address>
         <run_address>0x38e0</run_address>
         <size>0x24</size>
         <input_file_ref idref="fl-27"/>
      </object_component>
      <object_component id="oc-51d">
         <name>.text:TimerP_getMaxTicks</name>
         <load_address>0x3904</load_address>
         <run_address>0x3904</run_address>
         <size>0x24</size>
         <input_file_ref idref="fl-1d"/>
      </object_component>
      <object_component id="oc-156">
         <name>.text:_c_int00:_c_int00</name>
         <load_address>0x3928</load_address>
         <run_address>0x3928</run_address>
         <size>0x24</size>
         <input_file_ref idref="fl-ea"/>
      </object_component>
      <object_component id="oc-74e">
         <name>.text:List_get</name>
         <load_address>0x394c</load_address>
         <run_address>0x394c</run_address>
         <size>0x22</size>
         <input_file_ref idref="fl-13"/>
      </object_component>
      <object_component id="oc-49a">
         <name>.text:List_put</name>
         <load_address>0x396e</load_address>
         <run_address>0x396e</run_address>
         <size>0x22</size>
         <input_file_ref idref="fl-13"/>
      </object_component>
      <object_component id="oc-761">
         <name>.text:NOROM_RFCRfTrimRead</name>
         <load_address>0x3990</load_address>
         <run_address>0x3990</run_address>
         <size>0x20</size>
         <input_file_ref idref="fl-28"/>
      </object_component>
      <object_component id="oc-1a7">
         <name>.text:NoRTOS_getConfig</name>
         <load_address>0x39b0</load_address>
         <run_address>0x39b0</run_address>
         <size>0x20</size>
         <input_file_ref idref="fl-19"/>
      </object_component>
      <object_component id="oc-46a">
         <name>.text:RF_clkPowerUp</name>
         <load_address>0x39d0</load_address>
         <run_address>0x39d0</run_address>
         <size>0x20</size>
         <input_file_ref idref="fl-12"/>
      </object_component>
      <object_component id="oc-713">
         <name>.text:RF_ratIsRunning</name>
         <load_address>0x39f0</load_address>
         <run_address>0x39f0</run_address>
         <size>0x20</size>
         <input_file_ref idref="fl-12"/>
      </object_component>
      <object_component id="oc-322">
         <name>.text:osalCtrlReadyIsr$4</name>
         <load_address>0x3a10</load_address>
         <run_address>0x3a10</run_address>
         <size>0x20</size>
         <input_file_ref idref="fl-6"/>
      </object_component>
      <object_component id="oc-328">
         <name>.text:osalTaskAlertIsr$4</name>
         <load_address>0x3a30</load_address>
         <run_address>0x3a30</run_address>
         <size>0x20</size>
         <input_file_ref idref="fl-6"/>
      </object_component>
      <object_component id="oc-79c">
         <name>.text:scifReinitIo</name>
         <load_address>0x3a50</load_address>
         <run_address>0x3a50</run_address>
         <size>0x20</size>
         <input_file_ref idref="fl-6"/>
      </object_component>
      <object_component id="oc-567">
         <name>.text:Power_getTransitionLatency</name>
         <load_address>0x3a70</load_address>
         <run_address>0x3a70</run_address>
         <size>0x1e</size>
         <input_file_ref idref="fl-15"/>
      </object_component>
      <object_component id="oc-2a0">
         <name>.text:SemaphoreP_constructBinary</name>
         <load_address>0x3a8e</load_address>
         <run_address>0x3a8e</run_address>
         <size>0x1e</size>
         <input_file_ref idref="fl-1a"/>
      </object_component>
      <object_component id="oc-2ac">
         <name>.text:PINCC26XX_setIoCfgMux</name>
         <load_address>0x3aac</load_address>
         <run_address>0x3aac</run_address>
         <size>0x1c</size>
         <input_file_ref idref="fl-14"/>
      </object_component>
      <object_component id="oc-2d0">
         <name>.text:PIN_hwi</name>
         <load_address>0x3ac8</load_address>
         <run_address>0x3ac8</run_address>
         <size>0x1c</size>
         <input_file_ref idref="fl-14"/>
      </object_component>
      <object_component id="oc-378">
         <name>.text:QueueP_put</name>
         <load_address>0x3ae4</load_address>
         <run_address>0x3ae4</run_address>
         <size>0x1c</size>
         <input_file_ref idref="fl-21"/>
      </object_component>
      <object_component id="oc-7e4">
         <name>.text:RF_powerConstraintSet</name>
         <load_address>0x3b00</load_address>
         <run_address>0x3b00</run_address>
         <size>0x1c</size>
         <input_file_ref idref="fl-12"/>
      </object_component>
      <object_component id="oc-6c0">
         <name>.text:SwiP_disable</name>
         <load_address>0x3b1c</load_address>
         <run_address>0x3b1c</run_address>
         <size>0x1c</size>
         <input_file_ref idref="fl-1b"/>
      </object_component>
      <object_component id="oc-41f">
         <name>.text:SwiP_or</name>
         <load_address>0x3b38</load_address>
         <run_address>0x3b38</run_address>
         <size>0x1c</size>
         <input_file_ref idref="fl-1b"/>
      </object_component>
      <object_component id="oc-688">
         <name>.text:TimerP_dynamicStub</name>
         <load_address>0x3b54</load_address>
         <run_address>0x3b54</run_address>
         <size>0x1c</size>
         <input_file_ref idref="fl-1d"/>
      </object_component>
      <object_component id="oc-702">
         <name>.text:QueueP_get</name>
         <load_address>0x3b70</load_address>
         <run_address>0x3b70</run_address>
         <size>0x1a</size>
         <input_file_ref idref="fl-21"/>
      </object_component>
      <object_component id="oc-611">
         <name>.text:ClockP_getTimeout</name>
         <load_address>0x3b8a</load_address>
         <run_address>0x3b8a</run_address>
         <size>0x18</size>
         <input_file_ref idref="fl-1c"/>
      </object_component>
      <object_component id="oc-271">
         <name>.text:emptyClockFunc</name>
         <load_address>0x3ba2</load_address>
         <run_address>0x3ba2</run_address>
         <size>0x2</size>
         <input_file_ref idref="fl-15"/>
      </object_component>
      <object_component id="oc-7d5">
         <name>.text:HwiP_inISR</name>
         <load_address>0x3ba4</load_address>
         <run_address>0x3ba4</run_address>
         <size>0x18</size>
         <input_file_ref idref="fl-1e"/>
      </object_component>
      <object_component id="oc-28e">
         <name>.text:NOROM_ChipInfo_GetPackageType</name>
         <load_address>0x3bbc</load_address>
         <run_address>0x3bbc</run_address>
         <size>0x18</size>
         <input_file_ref idref="fl-23"/>
      </object_component>
      <object_component id="oc-5f6">
         <name>.text:NOROM_RFCCpeIntGetAndClear</name>
         <load_address>0x3bd4</load_address>
         <run_address>0x3bd4</run_address>
         <size>0x18</size>
         <input_file_ref idref="fl-28"/>
      </object_component>
      <object_component id="oc-1cb">
         <name>.text:Power_idleFunc</name>
         <load_address>0x3bec</load_address>
         <run_address>0x3bec</run_address>
         <size>0x18</size>
         <input_file_ref idref="fl-15"/>
      </object_component>
      <object_component id="oc-5e9">
         <name>.text:RF_ratGetChannel</name>
         <load_address>0x3c04</load_address>
         <run_address>0x3c04</run_address>
         <size>0x18</size>
         <input_file_ref idref="fl-12"/>
      </object_component>
      <object_component id="oc-452">
         <name>.text:RF_swiFsm</name>
         <load_address>0x3c1c</load_address>
         <run_address>0x3c1c</run_address>
         <size>0x18</size>
         <input_file_ref idref="fl-12"/>
      </object_component>
      <object_component id="oc-19c">
         <name>.text:_args_main</name>
         <load_address>0x3c34</load_address>
         <run_address>0x3c34</run_address>
         <size>0x18</size>
         <input_file_ref idref="fl-f0"/>
      </object_component>
      <object_component id="oc-54b">
         <name>.text</name>
         <load_address>0x3c4c</load_address>
         <run_address>0x3c4c</run_address>
         <size>0x18</size>
         <input_file_ref idref="fl-e3"/>
      </object_component>
      <object_component id="oc-722">
         <name>.text:HwiP_setFunc</name>
         <load_address>0x3c64</load_address>
         <run_address>0x3c64</run_address>
         <size>0x16</size>
         <input_file_ref idref="fl-1e"/>
      </object_component>
      <object_component id="oc-647">
         <name>.text:RF_restartClockTimeout</name>
         <load_address>0x3c7a</load_address>
         <run_address>0x3c7a</run_address>
         <size>0x16</size>
         <input_file_ref idref="fl-12"/>
      </object_component>
      <object_component id="oc-446">
         <name>.text:List_clearList</name>
         <load_address>0x3c90</load_address>
         <run_address>0x3c90</run_address>
         <size>0x14</size>
         <input_file_ref idref="fl-13"/>
      </object_component>
      <object_component id="oc-7db">
         <name>.text:Power_disablePolicy</name>
         <load_address>0x3ca4</load_address>
         <run_address>0x3ca4</run_address>
         <size>0x14</size>
         <input_file_ref idref="fl-15"/>
      </object_component>
      <object_component id="oc-2e6">
         <name>.text:RF_Params_init</name>
         <load_address>0x3cb8</load_address>
         <run_address>0x3cb8</run_address>
         <size>0x14</size>
         <input_file_ref idref="fl-12"/>
      </object_component>
      <object_component id="oc-755">
         <name>.text:RF_dbellSyncOnAck</name>
         <load_address>0x3ccc</load_address>
         <run_address>0x3ccc</run_address>
         <size>0x14</size>
         <input_file_ref idref="fl-12"/>
      </object_component>
      <object_component id="oc-414">
         <name>.text:SwiP_handleHwi</name>
         <load_address>0x3ce0</load_address>
         <run_address>0x3ce0</run_address>
         <size>0x14</size>
         <input_file_ref idref="fl-1b"/>
      </object_component>
      <object_component id="oc-682">
         <name>.text:TimerP_startup</name>
         <load_address>0x3cf4</load_address>
         <run_address>0x3cf4</run_address>
         <size>0x14</size>
         <input_file_ref idref="fl-1d"/>
      </object_component>
      <object_component id="oc-3c5">
         <name>.text:configureRFCoreClocks</name>
         <load_address>0x3d08</load_address>
         <run_address>0x3d08</run_address>
         <size>0x14</size>
         <input_file_ref idref="fl-15"/>
      </object_component>
      <object_component id="oc-25">
         <name>.text:resetISR</name>
         <load_address>0x3d1c</load_address>
         <run_address>0x3d1c</run_address>
         <size>0x14</size>
         <input_file_ref idref="fl-20"/>
      </object_component>
      <object_component id="oc-2b2">
         <name>.text:HwiP_Params_init</name>
         <load_address>0x3d30</load_address>
         <run_address>0x3d30</run_address>
         <size>0x12</size>
         <input_file_ref idref="fl-1e"/>
      </object_component>
      <object_component id="oc-3a">
         <name>.text:faultISR</name>
         <load_address>0x3d42</load_address>
         <run_address>0x3d42</run_address>
         <size>0x2</size>
         <input_file_ref idref="fl-20"/>
      </object_component>
      <object_component id="oc-24a">
         <name>.text:ClockP_Params_init</name>
         <load_address>0x3d44</load_address>
         <run_address>0x3d44</run_address>
         <size>0x10</size>
         <input_file_ref idref="fl-1c"/>
      </object_component>
      <object_component id="oc-243">
         <name>.text:HwiP_disable</name>
         <load_address>0x3d54</load_address>
         <run_address>0x3d54</run_address>
         <size>0x10</size>
         <input_file_ref idref="fl-1e"/>
      </object_component>
      <object_component id="oc-61e">
         <name>.text:HwiP_enableInterrupt</name>
         <load_address>0x3d64</load_address>
         <run_address>0x3d64</run_address>
         <size>0x10</size>
         <input_file_ref idref="fl-1e"/>
      </object_component>
      <object_component id="oc-5fd">
         <name>.text:NOROM_RFCHwIntGetAndClear</name>
         <load_address>0x3d74</load_address>
         <run_address>0x3d74</run_address>
         <size>0x10</size>
         <input_file_ref idref="fl-28"/>
      </object_component>
      <object_component id="oc-767">
         <name>.text:NOROM_RFCRfTrimSet</name>
         <load_address>0x3d84</load_address>
         <run_address>0x3d84</run_address>
         <size>0x10</size>
         <input_file_ref idref="fl-28"/>
      </object_component>
      <object_component id="oc-294">
         <name>.text:PINCC26XX_getPinCount</name>
         <load_address>0x3d94</load_address>
         <run_address>0x3d94</run_address>
         <size>0x10</size>
         <input_file_ref idref="fl-14"/>
      </object_component>
      <object_component id="oc-6b4">
         <name>.text:PowerCC26XX_schedulerDisable</name>
         <load_address>0x3da4</load_address>
         <run_address>0x3da4</run_address>
         <size>0x10</size>
         <input_file_ref idref="fl-1f"/>
      </object_component>
      <object_component id="oc-618">
         <name>.text:RF_dbellSubmitCmdAsync</name>
         <load_address>0x3db4</load_address>
         <run_address>0x3db4</run_address>
         <size>0x10</size>
         <input_file_ref idref="fl-12"/>
      </object_component>
      <object_component id="oc-3e0">
         <name>.text:SemaphoreP_Params_init</name>
         <load_address>0x3dc4</load_address>
         <run_address>0x3dc4</run_address>
         <size>0x10</size>
         <input_file_ref idref="fl-1a"/>
      </object_component>
      <object_component id="oc-2be">
         <name>.text:SwiP_Params_init</name>
         <load_address>0x3dd4</load_address>
         <run_address>0x3dd4</run_address>
         <size>0x10</size>
         <input_file_ref idref="fl-1b"/>
      </object_component>
      <object_component id="oc-511">
         <name>.text:TimerP_Params_init</name>
         <load_address>0x3de4</load_address>
         <run_address>0x3de4</run_address>
         <size>0x10</size>
         <input_file_ref idref="fl-1d"/>
      </object_component>
      <object_component id="oc-540">
         <name>.text:TimerP_getCount64</name>
         <load_address>0x3df4</load_address>
         <run_address>0x3df4</run_address>
         <size>0x10</size>
         <input_file_ref idref="fl-1d"/>
      </object_component>
      <object_component id="oc-4c3">
         <name>.text:scifOsalEnterCriticalSection</name>
         <load_address>0x3e04</load_address>
         <run_address>0x3e04</run_address>
         <size>0x10</size>
         <input_file_ref idref="fl-6"/>
      </object_component>
      <object_component id="oc-708">
         <name>.text:QueueP_empty</name>
         <load_address>0x3e14</load_address>
         <run_address>0x3e14</run_address>
         <size>0xe</size>
         <input_file_ref idref="fl-21"/>
      </object_component>
      <object_component id="oc-1e">
         <name>.text:decompress:none:__TI_decompress_none</name>
         <load_address>0x3e22</load_address>
         <run_address>0x3e22</run_address>
         <size>0xe</size>
         <input_file_ref idref="fl-e6"/>
      </object_component>
      <object_component id="oc-52f">
         <name>.text:ClockP_doTick</name>
         <load_address>0x3e30</load_address>
         <run_address>0x3e30</run_address>
         <size>0xc</size>
         <input_file_ref idref="fl-1c"/>
      </object_component>
      <object_component id="oc-69">
         <name>.text:NOROM_CPUcpsid</name>
         <load_address>0x3e3c</load_address>
         <run_address>0x3e3c</run_address>
         <size>0xc</size>
         <input_file_ref idref="fl-24"/>
      </object_component>
      <object_component id="oc-2df">
         <name>.text:NOROM_CPUcpsie</name>
         <load_address>0x3e48</load_address>
         <run_address>0x3e48</run_address>
         <size>0xc</size>
         <input_file_ref idref="fl-24"/>
      </object_component>
      <object_component id="oc-6ef">
         <name>.text:NOROM_OSC_HPOSCRelativeFrequencyOffsetToRFCoreFormatConvert</name>
         <load_address>0x3e54</load_address>
         <run_address>0x3e54</run_address>
         <size>0xc</size>
         <input_file_ref idref="fl-27"/>
      </object_component>
      <object_component id="oc-6ba">
         <name>.text:PowerCC26XX_schedulerRestore</name>
         <load_address>0x3e60</load_address>
         <run_address>0x3e60</run_address>
         <size>0xc</size>
         <input_file_ref idref="fl-1f"/>
      </object_component>
      <object_component id="oc-3b1">
         <name>.text:Power_getConstraintMask</name>
         <load_address>0x3e6c</load_address>
         <run_address>0x3e6c</run_address>
         <size>0xc</size>
         <input_file_ref idref="fl-15"/>
      </object_component>
      <object_component id="oc-6c6">
         <name>.text:Power_getDependencyCount</name>
         <load_address>0x3e78</load_address>
         <run_address>0x3e78</run_address>
         <size>0xc</size>
         <input_file_ref idref="fl-15"/>
      </object_component>
      <object_component id="oc-71c">
         <name>.text:RF_powerConstraintGet</name>
         <load_address>0x3e84</load_address>
         <run_address>0x3e84</run_address>
         <size>0xc</size>
         <input_file_ref idref="fl-12"/>
      </object_component>
      <object_component id="oc-426">
         <name>.text:SwiP_getTrigger</name>
         <load_address>0x3e90</load_address>
         <run_address>0x3e90</run_address>
         <size>0xc</size>
         <input_file_ref idref="fl-1b"/>
      </object_component>
      <object_component id="oc-523">
         <name>.text:TimerP_getFreq</name>
         <load_address>0x3e9c</load_address>
         <run_address>0x3e9c</run_address>
         <size>0xc</size>
         <input_file_ref idref="fl-1d"/>
      </object_component>
      <object_component id="oc-63">
         <name>.text:decompress:ZI:__TI_zero_init</name>
         <load_address>0x3ea8</load_address>
         <run_address>0x3ea8</run_address>
         <size>0xc</size>
         <input_file_ref idref="fl-e5"/>
      </object_component>
      <object_component id="oc-37f">
         <name>.text:HwiP_restore</name>
         <load_address>0x3eb4</load_address>
         <run_address>0x3eb4</run_address>
         <size>0x8</size>
         <input_file_ref idref="fl-1e"/>
      </object_component>
      <object_component id="oc-494">
         <name>.text:ClockP_stop</name>
         <load_address>0x3ebc</load_address>
         <run_address>0x3ebc</run_address>
         <size>0x6</size>
         <input_file_ref idref="fl-1c"/>
      </object_component>
      <object_component id="oc-405">
         <name>.text:QueueP_init</name>
         <load_address>0x3ec2</load_address>
         <run_address>0x3ec2</run_address>
         <size>0x6</size>
         <input_file_ref idref="fl-21"/>
      </object_component>
      <object_component id="oc-485">
         <name>.text:RF_clkInactivity</name>
         <load_address>0x3ec8</load_address>
         <run_address>0x3ec8</run_address>
         <size>0x6</size>
         <input_file_ref idref="fl-12"/>
      </object_component>
      <object_component id="oc-573">
         <name>.text:CPUwfi</name>
         <load_address>0x3ece</load_address>
         <run_address>0x3ece</run_address>
         <size>0x4</size>
         <input_file_ref idref="fl-1f"/>
      </object_component>
      <object_component id="oc-60b">
         <name>.text:ClockP_isActive</name>
         <load_address>0x3ed2</load_address>
         <run_address>0x3ed2</run_address>
         <size>0x4</size>
         <input_file_ref idref="fl-1c"/>
      </object_component>
      <object_component id="oc-262">
         <name>.text:ClockP_setTimeout</name>
         <load_address>0x3ed6</load_address>
         <run_address>0x3ed6</run_address>
         <size>0x4</size>
         <input_file_ref idref="fl-1c"/>
      </object_component>
      <object_component id="oc-1bf">
         <name>.text:HwiP_enable</name>
         <load_address>0x3eda</load_address>
         <run_address>0x3eda</run_address>
         <size>0x4</size>
         <input_file_ref idref="fl-1e"/>
      </object_component>
      <object_component id="oc-64d">
         <name>.text:HwiP_post</name>
         <load_address>0x3ede</load_address>
         <run_address>0x3ede</run_address>
         <size>0x4</size>
         <input_file_ref idref="fl-1e"/>
      </object_component>
      <object_component id="oc-773">
         <name>.text:PowerCC26XX_switchXOSC_HF</name>
         <load_address>0x3ee2</load_address>
         <run_address>0x3ee2</run_address>
         <size>0x4</size>
         <input_file_ref idref="fl-15"/>
      </object_component>
      <object_component id="oc-7ae">
         <name>.text:QueueP_head</name>
         <load_address>0x3ee6</load_address>
         <run_address>0x3ee6</run_address>
         <size>0x4</size>
         <input_file_ref idref="fl-21"/>
      </object_component>
      <object_component id="oc-7b4">
         <name>.text:QueueP_next</name>
         <load_address>0x3eea</load_address>
         <run_address>0x3eea</run_address>
         <size>0x4</size>
         <input_file_ref idref="fl-21"/>
      </object_component>
      <object_component id="oc-18c">
         <name>.text:_system_pre_init</name>
         <load_address>0x3eee</load_address>
         <run_address>0x3eee</run_address>
         <size>0x4</size>
         <input_file_ref idref="fl-ed"/>
      </object_component>
      <object_component id="oc-1d5">
         <name>.text:abort:abort</name>
         <load_address>0x3ef2</load_address>
         <run_address>0x3ef2</run_address>
         <size>0x4</size>
         <input_file_ref idref="fl-ef"/>
      </object_component>
      <object_component id="oc-3d1">
         <name>.text:nopResourceHandler</name>
         <load_address>0x3ef6</load_address>
         <run_address>0x3ef6</run_address>
         <size>0x4</size>
         <input_file_ref idref="fl-15"/>
      </object_component>
      <object_component id="oc-4a7">
         <name>.text:rf_patch_cpe_bt5$7</name>
         <load_address>0x3efa</load_address>
         <run_address>0x3efa</run_address>
         <size>0x4</size>
         <input_file_ref idref="fl-9"/>
      </object_component>
      <object_component id="oc-40">
         <name>.text:intDefaultHandler</name>
         <load_address>0x3efe</load_address>
         <run_address>0x3efe</run_address>
         <size>0x2</size>
         <input_file_ref idref="fl-20"/>
      </object_component>
      <object_component id="oc-34">
         <name>.text:nmiISR</name>
         <load_address>0x3f00</load_address>
         <run_address>0x3f00</run_address>
         <size>0x2</size>
         <input_file_ref idref="fl-20"/>
      </object_component>
      <object_component id="oc-69c">
         <name>.text</name>
         <load_address>0x3f02</load_address>
         <run_address>0x3f02</run_address>
         <size>0x2</size>
         <input_file_ref idref="fl-eb"/>
      </object_component>
      <object_component id="oc-796">
         <name>.const:patchImageBt5$7</name>
         <load_address>0x3f04</load_address>
         <run_address>0x3f04</run_address>
         <size>0x41c</size>
         <input_file_ref idref="fl-9"/>
      </object_component>
      <object_component id="oc-4ca">
         <name>.const:pAuxRamImage$6</name>
         <load_address>0x4320</load_address>
         <run_address>0x4320</run_address>
         <size>0x296</size>
         <input_file_ref idref="fl-8"/>
      </object_component>
      <object_component id="oc-5ba">
         <name>.const:$O4$$</name>
         <load_address>0x45b8</load_address>
         <run_address>0x45b8</run_address>
         <size>0x68</size>
         <input_file_ref idref="fl-26"/>
      </object_component>
      <object_component id="oc-3dc">
         <name>.const:resourceDB</name>
         <load_address>0x4620</load_address>
         <run_address>0x4620</run_address>
         <size>0x4c</size>
         <input_file_ref idref="fl-15"/>
      </object_component>
      <object_component id="oc-31f">
         <name>.const:scifTsop38140DriverSetup</name>
         <load_address>0x466c</load_address>
         <run_address>0x466c</run_address>
         <size>0x30</size>
         <input_file_ref idref="fl-8"/>
      </object_component>
      <object_component id="oc-435">
         <name>.const:RF_defaultParams</name>
         <load_address>0x469c</load_address>
         <run_address>0x469c</run_address>
         <size>0x1c</size>
         <input_file_ref idref="fl-12"/>
      </object_component>
      <object_component id="oc-26e">
         <name>.const:PowerCC26XX_config</name>
         <load_address>0x46b8</load_address>
         <run_address>0x46b8</run_address>
         <size>0x18</size>
         <input_file_ref idref="fl-3"/>
      </object_component>
      <object_component id="oc-4d0">
         <name>.const:.string:pAuxIoIndexToMcuIocfgOffsetLut$6</name>
         <load_address>0x46d0</load_address>
         <run_address>0x46d0</run_address>
         <size>0x10</size>
         <input_file_ref idref="fl-8"/>
      </object_component>
      <object_component id="oc-3ff">
         <name>.const:SwiP_defaultParams</name>
         <load_address>0x46e0</load_address>
         <run_address>0x46e0</run_address>
         <size>0x10</size>
         <input_file_ref idref="fl-1b"/>
      </object_component>
      <object_component id="oc-4cd">
         <name>.const:pScifTaskDataStructInfoLut$6</name>
         <load_address>0x46f0</load_address>
         <run_address>0x46f0</run_address>
         <size>0x10</size>
         <input_file_ref idref="fl-8"/>
      </object_component>
      <object_component id="oc-44f">
         <name>.const:RFCC26XX_hwAttrs</name>
         <load_address>0x4700</load_address>
         <run_address>0x4700</run_address>
         <size>0xc</size>
         <input_file_ref idref="fl-3"/>
      </object_component>
      <object_component id="oc-1d1">
         <name>.const:BoardGpioInitTable</name>
         <load_address>0x470c</load_address>
         <run_address>0x470c</run_address>
         <size>0x8</size>
         <input_file_ref idref="fl-3"/>
      </object_component>
      <object_component id="oc-2cd">
         <name>.const:PINCC26XX_hwAttrs</name>
         <load_address>0x4714</load_address>
         <run_address>0x4714</run_address>
         <size>0x8</size>
         <input_file_ref idref="fl-3"/>
      </object_component>
      <object_component id="oc-849">
         <name>.cinit..data.load</name>
         <load_address>0x4728</load_address>
         <run_address>0x4728</run_address>
         <size>0x12b</size>
      </object_component>
      <object_component id="oc-846">
         <name>__TI_handler_table</name>
         <load_address>0x4854</load_address>
         <run_address>0x4854</run_address>
         <size>0xc</size>
      </object_component>
      <object_component id="oc-84a">
         <name>.cinit..bss.load</name>
         <load_address>0x4860</load_address>
         <run_address>0x4860</run_address>
         <size>0x8</size>
      </object_component>
      <object_component id="oc-848">
         <name>.cinit..vtable_ram.load</name>
         <load_address>0x4868</load_address>
         <run_address>0x4868</run_address>
         <size>0x8</size>
      </object_component>
      <object_component id="oc-847">
         <name>__TI_cinit_table</name>
         <load_address>0x4870</load_address>
         <run_address>0x4870</run_address>
         <size>0x18</size>
      </object_component>
      <object_component id="oc-2b">
         <name>.ccfg:retain</name>
         <load_address>0x1ffa8</load_address>
         <run_address>0x1ffa8</run_address>
         <size>0x58</size>
         <input_file_ref idref="fl-4"/>
      </object_component>
      <object_component id="oc-48c">
         <name>.vtable_ram</name>
         <uninitialized>true</uninitialized>
         <run_address>0x20000b00</run_address>
         <size>0xc8</size>
         <input_file_ref idref="fl-26"/>
      </object_component>
      <object_component id="oc-2ca">
         <name>.data:$O1$$</name>
         <load_address>0x20000000</load_address>
         <run_address>0x20000000</run_address>
         <size>0x114</size>
         <input_file_ref idref="fl-14"/>
      </object_component>
      <object_component id="oc-284">
         <name>.data:PowerCC26XX_module</name>
         <load_address>0x20000114</load_address>
         <run_address>0x20000114</run_address>
         <size>0x114</size>
         <input_file_ref idref="fl-15"/>
      </object_component>
      <object_component id="oc-238">
         <name>.data:$O1$$</name>
         <load_address>0x20000544</load_address>
         <run_address>0x20000544</run_address>
         <size>0xc</size>
         <input_file_ref idref="fl-1a"/>
      </object_component>
      <object_component id="oc-40b">
         <name>.data</name>
         <load_address>0x200003c7</load_address>
         <run_address>0x200003c7</run_address>
         <size>0x1</size>
         <input_file_ref idref="fl-1b"/>
      </object_component>
      <object_component id="oc-23b">
         <name>.data:$O1$$</name>
         <load_address>0x200003c8</load_address>
         <run_address>0x200003c8</run_address>
         <size>0xc0</size>
         <input_file_ref idref="fl-1c"/>
      </object_component>
      <object_component id="oc-678">
         <name>.data:$O1$$</name>
         <load_address>0x200004f4</load_address>
         <run_address>0x200004f4</run_address>
         <size>0x30</size>
         <input_file_ref idref="fl-1d"/>
      </object_component>
      <object_component id="oc-23e">
         <name>.data:$O1$$</name>
         <load_address>0x20000228</load_address>
         <run_address>0x20000228</run_address>
         <size>0xd0</size>
         <input_file_ref idref="fl-1e"/>
      </object_component>
      <object_component id="oc-310">
         <name>.data</name>
         <load_address>0x200003c4</load_address>
         <run_address>0x200003c4</run_address>
         <size>0x3</size>
         <input_file_ref idref="fl-2"/>
      </object_component>
      <object_component id="oc-490">
         <name>.data</name>
         <load_address>0x20000578</load_address>
         <run_address>0x20000578</run_address>
         <size>0x1</size>
         <input_file_ref idref="fl-6"/>
      </object_component>
      <object_component id="oc-663">
         <name>.data</name>
         <load_address>0x20000570</load_address>
         <run_address>0x20000570</run_address>
         <size>0x8</size>
         <input_file_ref idref="fl-9"/>
      </object_component>
      <object_component id="oc-4ad">
         <name>.data:pOverridesCommon</name>
         <load_address>0x200004c0</load_address>
         <run_address>0x200004c0</run_address>
         <size>0x34</size>
         <input_file_ref idref="fl-9"/>
      </object_component>
      <object_component id="oc-4b0">
         <name>.data:pOverrides1Mbps</name>
         <load_address>0x20000550</load_address>
         <run_address>0x20000550</run_address>
         <size>0xc</size>
         <input_file_ref idref="fl-9"/>
      </object_component>
      <object_component id="oc-4b3">
         <name>.data:pOverrides2Mbps</name>
         <load_address>0x20000568</load_address>
         <run_address>0x20000568</run_address>
         <size>0x8</size>
         <input_file_ref idref="fl-9"/>
      </object_component>
      <object_component id="oc-4b6">
         <name>.data:pOverridesCoded</name>
         <load_address>0x2000055c</load_address>
         <run_address>0x2000055c</run_address>
         <size>0xc</size>
         <input_file_ref idref="fl-9"/>
      </object_component>
      <object_component id="oc-4b9">
         <name>.data:bleAdvPar</name>
         <load_address>0x20000524</load_address>
         <run_address>0x20000524</run_address>
         <size>0x20</size>
         <input_file_ref idref="fl-9"/>
      </object_component>
      <object_component id="oc-32e">
         <name>.data:$O2$$</name>
         <load_address>0x20000488</load_address>
         <run_address>0x20000488</run_address>
         <size>0x38</size>
         <input_file_ref idref="fl-6"/>
      </object_component>
      <object_component id="oc-30a">
         <name>.data:$O3$$</name>
         <load_address>0x200002f8</load_address>
         <run_address>0x200002f8</run_address>
         <size>0xcc</size>
         <input_file_ref idref="fl-9"/>
      </object_component>
      <object_component id="oc-47c">
         <name>.bss</name>
         <uninitialized>true</uninitialized>
         <run_address>0x20000991</run_address>
         <size>0x1</size>
         <input_file_ref idref="fl-12"/>
      </object_component>
      <object_component id="oc-740">
         <name>.bss:RF_ratSyncCmd</name>
         <uninitialized>true</uninitialized>
         <run_address>0x2000095c</run_address>
         <size>0x14</size>
         <input_file_ref idref="fl-12"/>
      </object_component>
      <object_component id="oc-44c">
         <name>.bss:$O1$$</name>
         <uninitialized>true</uninitialized>
         <run_address>0x20000580</run_address>
         <size>0x300</size>
         <input_file_ref idref="fl-12"/>
      </object_component>
      <object_component id="oc-411">
         <name>.bss</name>
         <uninitialized>true</uninitialized>
         <run_address>0x20000984</run_address>
         <size>0xd</size>
         <input_file_ref idref="fl-1b"/>
      </object_component>
      <object_component id="oc-40e">
         <name>.bss:$O1$$</name>
         <uninitialized>true</uninitialized>
         <run_address>0x20000920</run_address>
         <size>0x3c</size>
         <input_file_ref idref="fl-1b"/>
      </object_component>
      <object_component id="oc-7bd">
         <name>.bss</name>
         <uninitialized>true</uninitialized>
         <run_address>0x2000099c</run_address>
         <size>0x4</size>
         <input_file_ref idref="fl-1f"/>
      </object_component>
      <object_component id="oc-59b">
         <name>.bss:oscHfGlobals$12</name>
         <uninitialized>true</uninitialized>
         <run_address>0x20000970</run_address>
         <size>0x14</size>
         <input_file_ref idref="fl-27"/>
      </object_component>
      <object_component id="oc-7c4">
         <name>.bss:powerQualGlobals$15</name>
         <uninitialized>true</uninitialized>
         <run_address>0x20000994</run_address>
         <size>0x8</size>
         <input_file_ref idref="fl-2a"/>
      </object_component>
      <object_component id="oc-30d">
         <name>.bss:$O1$$</name>
         <uninitialized>true</uninitialized>
         <run_address>0x20000880</run_address>
         <size>0xa0</size>
         <input_file_ref idref="fl-2"/>
      </object_component>
      <object_component id="oc-283">
         <name>.common:driverlib_release_0_51995</name>
         <uninitialized>true</uninitialized>
         <run_address>0x20000992</run_address>
         <size>0x1</size>
      </object_component>
      <object_component id="oc-2e">
         <name>.sysmem</name>
         <uninitialized>true</uninitialized>
         <run_address>0x200009a0</run_address>
         <size>0x8</size>
         <input_file_ref idref="fl-e8"/>
      </object_component>
      <object_component id="oc-84c">
         <name>.sysmem</name>
         <uninitialized>true</uninitialized>
         <run_address>0x200009a0</run_address>
         <size>0x0</size>
      </object_component>
      <object_component id="oc-31">
         <name>.stack</name>
         <uninitialized>true</uninitialized>
         <run_address>0x20004c00</run_address>
         <size>0x4</size>
         <input_file_ref idref="fl-ea"/>
      </object_component>
      <object_component id="oc-84b">
         <name>.stack</name>
         <uninitialized>true</uninitialized>
         <run_address>0x20004c00</run_address>
         <size>0x0</size>
      </object_component>
      <object_component id="oc-818">
         <name>.binit</name>
         <load_address>0x0</load_address>
         <run_address>0x0</run_address>
         <size>0x0</size>
      </object_component>
      <object_component id="oc-1a4">
         <name>.debug_info</name>
         <load_address>0x0</load_address>
         <run_address>0x0</run_address>
         <size>0x1928</size>
         <input_file_ref idref="fl-12"/>
      </object_component>
      <object_component id="oc-436">
         <name>.debug_info</name>
         <load_address>0x1928</load_address>
         <run_address>0x1928</run_address>
         <size>0x125</size>
         <input_file_ref idref="fl-12"/>
      </object_component>
      <object_component id="oc-47d">
         <name>.debug_info</name>
         <load_address>0x1a4d</load_address>
         <run_address>0x1a4d</run_address>
         <size>0x129</size>
         <input_file_ref idref="fl-12"/>
      </object_component>
      <object_component id="oc-741">
         <name>.debug_info</name>
         <load_address>0x1b76</load_address>
         <run_address>0x1b76</run_address>
         <size>0x11f</size>
         <input_file_ref idref="fl-12"/>
      </object_component>
      <object_component id="oc-44d">
         <name>.debug_info</name>
         <load_address>0x1c95</load_address>
         <run_address>0x1c95</run_address>
         <size>0x340</size>
         <input_file_ref idref="fl-12"/>
      </object_component>
      <object_component id="oc-635">
         <name>.debug_info</name>
         <load_address>0x1fd5</load_address>
         <run_address>0x1fd5</run_address>
         <size>0x1dd</size>
         <input_file_ref idref="fl-12"/>
      </object_component>
      <object_component id="oc-471">
         <name>.debug_info</name>
         <load_address>0x21b2</load_address>
         <run_address>0x21b2</run_address>
         <size>0x249</size>
         <input_file_ref idref="fl-12"/>
      </object_component>
      <object_component id="oc-486">
         <name>.debug_info</name>
         <load_address>0x23fb</load_address>
         <run_address>0x23fb</run_address>
         <size>0x195</size>
         <input_file_ref idref="fl-12"/>
      </object_component>
      <object_component id="oc-465">
         <name>.debug_info</name>
         <load_address>0x2590</load_address>
         <run_address>0x2590</run_address>
         <size>0x1fc</size>
         <input_file_ref idref="fl-12"/>
      </object_component>
      <object_component id="oc-5ea">
         <name>.debug_info</name>
         <load_address>0x278c</load_address>
         <run_address>0x278c</run_address>
         <size>0x18d</size>
         <input_file_ref idref="fl-12"/>
      </object_component>
      <object_component id="oc-714">
         <name>.debug_info</name>
         <load_address>0x2919</load_address>
         <run_address>0x2919</run_address>
         <size>0x180</size>
         <input_file_ref idref="fl-12"/>
      </object_component>
      <object_component id="oc-5f0">
         <name>.debug_info</name>
         <load_address>0x2a99</load_address>
         <run_address>0x2a99</run_address>
         <size>0x244</size>
         <input_file_ref idref="fl-12"/>
      </object_component>
      <object_component id="oc-7e5">
         <name>.debug_info</name>
         <load_address>0x2cdd</load_address>
         <run_address>0x2cdd</run_address>
         <size>0x1b8</size>
         <input_file_ref idref="fl-12"/>
      </object_component>
      <object_component id="oc-7eb">
         <name>.debug_info</name>
         <load_address>0x2e95</load_address>
         <run_address>0x2e95</run_address>
[...]
      <symbol id="sm-6cc">
         <name>RF_getCurrentTime</name>
         <value>0x2c65</value>
         <object_component_ref idref="oc-7fa"/>
      </symbol>
      <symbol id="sm-6cd">
         <name>RF_Params_init</name>
         <value>0x3cb9</value>
         <object_component_ref idref="oc-2e6"/>
      </symbol>
      <symbol id="sm-6ce">
         <name>RF_TxPowerTable_findValue</name>
         <value>0x2eb5</value>
         <object_component_ref idref="oc-2ec"/>
      </symbol>
      <symbol id="sm-6cf">
         <name>RF_powerConstraintRelease</name>
         <value>0x34f9</value>
         <object_component_ref idref="oc-634"/>
      </symbol>
      <symbol id="sm-6d0">
         <name>RF_powerConstraintSet</name>
         <value>0x3b01</value>
         <object_component_ref idref="oc-7e4"/>
      </symbol>
      <symbol id="sm-6d1">
         <name>RF_open</name>
         <value>0x1181</value>
         <object_component_ref idref="oc-2f2"/>
      </symbol>
      <symbol id="sm-6f1">
         <name>List_get</name>
         <value>0x394d</value>
         <object_component_ref idref="oc-74e"/>
      </symbol>
      <symbol id="sm-6f2">
         <name>List_clearList</name>
         <value>0x3c91</value>
         <object_component_ref idref="oc-446"/>
      </symbol>
      <symbol id="sm-6f3">
         <name>List_put</name>
         <value>0x396f</value>
         <object_component_ref idref="oc-49a"/>
      </symbol>
      <symbol id="sm-76d">
         <name>pinHandleTable</name>
         <value>0x20000098</value>
         <object_component_ref idref="oc-2ca"/>
      </symbol>
      <symbol id="sm-76e">
         <name>pinLowerBound</name>
         <value>0x20000004</value>
         <object_component_ref idref="oc-2ca"/>
      </symbol>
      <symbol id="sm-76f">
         <name>pinUpperBound</name>
         <value>0x20000000</value>
         <object_component_ref idref="oc-2ca"/>
      </symbol>
      <symbol id="sm-770">
         <name>PIN_init</name>
         <value>0xfc9</value>
         <object_component_ref idref="oc-1b9"/>
      </symbol>
      <symbol id="sm-771">
         <name>PINCC26XX_getPinCount</name>
         <value>0x3d95</value>
         <object_component_ref idref="oc-294"/>
      </symbol>
      <symbol id="sm-8d3">
         <name>Power_registerNotify</name>
         <value>0x3789</value>
         <object_component_ref idref="oc-440"/>
      </symbol>
      <symbol id="sm-8d4">
         <name>PowerCC26XX_calibrate</name>
         <value>0x2d9d</value>
         <object_component_ref idref="oc-3a2"/>
      </symbol>
      <symbol id="sm-8d5">
         <name>Power_releaseDependency</name>
         <value>0x1e55</value>
         <object_component_ref idref="oc-6e0"/>
      </symbol>
      <symbol id="sm-8d6">
         <name>Power_sleep</name>
         <value>0x9b9</value>
         <object_component_ref idref="oc-56d"/>
      </symbol>
      <symbol id="sm-8d7">
         <name>Power_releaseConstraint</name>
         <value>0x34c5</value>
         <object_component_ref idref="oc-3be"/>
      </symbol>
      <symbol id="sm-8d8">
         <name>Power_idleFunc</name>
         <value>0x3bed</value>
         <object_component_ref idref="oc-1cb"/>
      </symbol>
      <symbol id="sm-8d9">
         <name>PowerCC26XX_switchXOSC_HF</name>
         <value>0x3ee3</value>
         <object_component_ref idref="oc-773"/>
      </symbol>
      <symbol id="sm-8da">
         <name>Power_getConstraintMask</name>
         <value>0x3e6d</value>
         <object_component_ref idref="oc-3b1"/>
      </symbol>
      <symbol id="sm-8db">
         <name>Power_disablePolicy</name>
         <value>0x3ca5</value>
         <object_component_ref idref="oc-7db"/>
      </symbol>
      <symbol id="sm-8dc">
         <name>Power_init</name>
         <value>0x1661</value>
         <object_component_ref idref="oc-1b3"/>
      </symbol>
      <symbol id="sm-8dd">
         <name>Power_getDependencyCount</name>
         <value>0x3e79</value>
         <object_component_ref idref="oc-6c6"/>
      </symbol>
      <symbol id="sm-8de">
         <name>Power_setConstraint</name>
         <value>0x35c9</value>
         <object_component_ref idref="oc-256"/>
      </symbol>
      <symbol id="sm-8df">
         <name>PowerCC26XX_module</name>
         <value>0x20000114</value>
         <object_component_ref idref="oc-284"/>
      </symbol>
      <symbol id="sm-8e0">
         <name>Power_getTransitionLatency</name>
         <value>0x3a71</value>
         <object_component_ref idref="oc-567"/>
      </symbol>
      <symbol id="sm-8e1">
         <name>Power_setDependency</name>
         <value>0x1fc9</value>
         <object_component_ref idref="oc-29a"/>
      </symbol>
      <symbol id="sm-8e2">
         <name>resourceDB</name>
         <value>0x4620</value>
         <object_component_ref idref="oc-3dc"/>
      </symbol>
      <symbol id="sm-8e3">
         <name>PowerCC26XX_isStableXOSC_HF</name>
         <value>0x32f1</value>
         <object_component_ref idref="oc-76d"/>
      </symbol>
      <symbol id="sm-95e">
         <name>PowerCC26XX_doCalibrate</name>
         <value>0x14d1</value>
         <object_component_ref idref="oc-57a"/>
      </symbol>
      <symbol id="sm-95f">
         <name>PowerCC26XX_initiateCalibration</name>
         <value>0x2b25</value>
         <object_component_ref idref="oc-580"/>
      </symbol>
      <symbol id="sm-960">
         <name>PowerCC26XX_RCOSC_clockFunc</name>
         <value>0x2dfd</value>
         <object_component_ref idref="oc-586"/>
      </symbol>
      <symbol id="sm-961">
         <name>PowerCC26XX_auxISR</name>
         <value>0x3f5</value>
         <object_component_ref idref="oc-58c"/>
      </symbol>
      <symbol id="sm-980">
         <name>NoRTOS_setConfig</name>
         <value>0x3761</value>
         <object_component_ref idref="oc-1ad"/>
      </symbol>
      <symbol id="sm-981">
         <name>NoRTOS_getConfig</name>
         <value>0x39b1</value>
         <object_component_ref idref="oc-1a7"/>
      </symbol>
      <symbol id="sm-9c9">
         <name>SemaphoreP_defaultParams</name>
         <value>0x20000548</value>
         <object_component_ref idref="oc-238"/>
      </symbol>
      <symbol id="sm-9ca">
         <name>SemaphoreP_construct</name>
         <value>0x30b5</value>
         <object_component_ref idref="oc-3e6"/>
      </symbol>
      <symbol id="sm-9cb">
         <name>SemaphoreP_post</name>
         <value>0x33a9</value>
         <object_component_ref idref="oc-73a"/>
      </symbol>
      <symbol id="sm-9cc">
         <name>SemaphoreP_constructBinary</name>
         <value>0x3a8f</value>
         <object_component_ref idref="oc-2a0"/>
      </symbol>
      <symbol id="sm-9cd">
         <name>SemaphoreP_Params_init</name>
         <value>0x3dc5</value>
         <object_component_ref idref="oc-3e0"/>
      </symbol>
      <symbol id="sm-a75">
         <name>SwiP_disable</name>
         <value>0x3b1d</value>
         <object_component_ref idref="oc-6c0"/>
      </symbol>
      <symbol id="sm-a76">
         <name>SwiP_restore</name>
         <value>0x3229</value>
         <object_component_ref idref="oc-6d2"/>
      </symbol>
      <symbol id="sm-a77">
         <name>SwiP_or</name>
         <value>0x3b39</value>
         <object_component_ref idref="oc-41f"/>
      </symbol>
      <symbol id="sm-a78">
         <name>SwiP_getTrigger</name>
         <value>0x3e91</value>
         <object_component_ref idref="oc-426"/>
      </symbol>
      <symbol id="sm-a79">
         <name>SwiP_construct</name>
         <value>0x1a61</value>
         <object_component_ref idref="oc-2c4"/>
      </symbol>
      <symbol id="sm-a7a">
         <name>SwiP_Params_init</name>
         <value>0x3dd5</value>
         <object_component_ref idref="oc-2be"/>
      </symbol>
      <symbol id="sm-a7b">
         <name>SwiP_post</name>
         <value>0x2ccd</value>
         <object_component_ref idref="oc-5d6"/>
      </symbol>
      <symbol id="sm-a7c">
         <name>SwiP_dispatch</name>
         <value>0x2279</value>
         <object_component_ref idref="oc-5cf"/>
      </symbol>
      <symbol id="sm-b34">
         <name>ClockP_doTick</name>
         <value>0x3e31</value>
         <object_component_ref idref="oc-52f"/>
      </symbol>
      <symbol id="sm-b35">
         <name>ClockP_setTimeout</name>
         <value>0x3ed7</value>
         <object_component_ref idref="oc-262"/>
      </symbol>
      <symbol id="sm-b36">
         <name>ClockP_getTimeout</name>
         <value>0x3b8b</value>
         <object_component_ref idref="oc-611"/>
      </symbol>
      <symbol id="sm-b37">
         <name>ClockP_startup</name>
         <value>0x2319</value>
         <object_component_ref idref="oc-372"/>
      </symbol>
      <symbol id="sm-b38">
         <name>ClockP_stop</name>
         <value>0x3ebd</value>
         <object_component_ref idref="oc-494"/>
      </symbol>
      <symbol id="sm-b39">
         <name>ClockP_construct</name>
         <value>0x319d</value>
         <object_component_ref idref="oc-250"/>
      </symbol>
      <symbol id="sm-b3a">
         <name>ClockP_scheduleNextTick</name>
         <value>0x3875</value>
         <object_component_ref idref="oc-38f"/>
      </symbol>
      <symbol id="sm-b3b">
         <name>ClockP_getTicksUntilInterrupt</name>
         <value>0x345d</value>
         <object_component_ref idref="oc-561"/>
      </symbol>
      <symbol id="sm-b3c">
         <name>ClockP_tickPeriod</name>
         <value>0x200003cc</value>
         <object_component_ref idref="oc-23b"/>
      </symbol>
      <symbol id="sm-b3d">
         <name>ClockP_Params_init</name>
         <value>0x3d45</value>
         <object_component_ref idref="oc-24a"/>
      </symbol>
      <symbol id="sm-b3e">
         <name>ClockP_workFuncDynamic</name>
         <value>0x212d</value>
         <object_component_ref idref="oc-529"/>
      </symbol>
      <symbol id="sm-b3f">
         <name>ClockP_walkQueueDynamic</name>
         <value>0x2881</value>
         <object_component_ref idref="oc-691"/>
      </symbol>
      <symbol id="sm-b40">
         <name>ClockP_start</name>
         <value>0x2611</value>
         <object_component_ref idref="oc-268"/>
      </symbol>
      <symbol id="sm-b41">
         <name>ClockP_isActive</name>
         <value>0x3ed3</value>
         <object_component_ref idref="oc-60b"/>
      </symbol>
      <symbol id="sm-b42">
         <name>ClockP_getTicks</name>
         <value>0x3851</value>
         <object_component_ref idref="oc-395"/>
      </symbol>
      <symbol id="sm-bda">
         <name>TimerP_setNextTick</name>
         <value>0x3595</value>
         <object_component_ref idref="oc-553"/>
      </symbol>
      <symbol id="sm-bdb">
         <name>TimerP_getCurrentTick</name>
         <value>0x35f9</value>
         <object_component_ref idref="oc-389"/>
      </symbol>
      <symbol id="sm-bdc">
         <name>TimerP_getCount64</name>
         <value>0x3df5</value>
         <object_component_ref idref="oc-540"/>
      </symbol>
      <symbol id="sm-bdd">
         <name>TimerP_setThreshold</name>
         <value>0x33e5</value>
         <object_component_ref idref="oc-6aa"/>
      </symbol>
      <symbol id="sm-bde">
         <name>TimerP_dynamicStub</name>
         <value>0x3b55</value>
         <object_component_ref idref="oc-688"/>
      </symbol>
      <symbol id="sm-bdf">
         <name>TimerP_getMaxTicks</name>
         <value>0x3905</value>
         <object_component_ref idref="oc-51d"/>
      </symbol>
      <symbol id="sm-be0">
         <name>TimerP_construct</name>
         <value>0x207d</value>
         <object_component_ref idref="oc-517"/>
      </symbol>
      <symbol id="sm-be1">
         <name>TimerP_getFreq</name>
         <value>0x3e9d</value>
         <object_component_ref idref="oc-523"/>
      </symbol>
      <symbol id="sm-be2">
         <name>TimerP_initDevice</name>
         <value>0x352d</value>
         <object_component_ref idref="oc-67c"/>
      </symbol>
      <symbol id="sm-be3">
         <name>TimerP_startup</name>
         <value>0x3cf5</value>
         <object_component_ref idref="oc-682"/>
      </symbol>
      <symbol id="sm-be4">
         <name>TimerP_start</name>
         <value>0x29d9</value>
         <object_component_ref idref="oc-7a6"/>
      </symbol>
      <symbol id="sm-be5">
         <name>TimerP_Params_init</name>
         <value>0x3de5</value>
         <object_component_ref idref="oc-511"/>
      </symbol>
      <symbol id="sm-c5d">
         <name>HwiP_construct</name>
         <value>0x28f5</value>
         <object_component_ref idref="oc-2b8"/>
      </symbol>
      <symbol id="sm-c5e">
         <name>HwiP_inISR</name>
         <value>0x3ba5</value>
         <object_component_ref idref="oc-7d5"/>
      </symbol>
      <symbol id="sm-c5f">
         <name>HwiP_swiPIntNum</name>
         <value>0x2000022c</value>
         <object_component_ref idref="oc-23e"/>
      </symbol>
      <symbol id="sm-c60">
         <name>HwiP_Params_init</name>
         <value>0x3d31</value>
         <object_component_ref idref="oc-2b2"/>
      </symbol>
      <symbol id="sm-c61">
         <name>HwiP_disable</name>
         <value>0x3d55</value>
         <object_component_ref idref="oc-243"/>
      </symbol>
      <symbol id="sm-c62">
         <name>HwiP_enableInterrupt</name>
         <value>0x3d65</value>
         <object_component_ref idref="oc-61e"/>
      </symbol>
      <symbol id="sm-c63">
         <name>HwiP_setFunc</name>
         <value>0x3c65</value>
         <object_component_ref idref="oc-722"/>
      </symbol>
      <symbol id="sm-c64">
         <name>HwiP_post</name>
         <value>0x3edf</value>
         <object_component_ref idref="oc-64d"/>
      </symbol>
      <symbol id="sm-c65">
         <name>HwiP_enable</name>
         <value>0x3edb</value>
         <object_component_ref idref="oc-1bf"/>
      </symbol>
      <symbol id="sm-c66">
         <name>HwiP_restore</name>
         <value>0x3eb5</value>
         <object_component_ref idref="oc-37f"/>
      </symbol>
      <symbol id="sm-ca2">
         <name>PowerCC26XX_schedulerDisable</name>
         <value>0x3da5</value>
         <object_component_ref idref="oc-6b4"/>
      </symbol>
      <symbol id="sm-ca3">
         <name>PowerCC26XX_schedulerRestore</name>
         <value>0x3e61</value>
         <object_component_ref idref="oc-6ba"/>
      </symbol>
      <symbol id="sm-ca4">
         <name>PowerCC26XX_standbyPolicy</name>
         <value>0x178d</value>
         <object_component_ref idref="oc-39c"/>
      </symbol>
      <symbol id="sm-cd5">
         <name>resetISR</name>
         <value>0x3d1d</value>
         <object_component_ref idref="oc-25"/>
      </symbol>
      <symbol id="sm-cd6">
         <name>g_pfnVectors</name>
         <value>0x0</value>
         <object_component_ref idref="oc-15"/>
      </symbol>
      <symbol id="sm-d0b">
         <name>QueueP_next</name>
         <value>0x3eeb</value>
         <object_component_ref idref="oc-7b4"/>
      </symbol>
      <symbol id="sm-d0c">
         <name>QueueP_put</name>
         <value>0x3ae5</value>
         <object_component_ref idref="oc-378"/>
      </symbol>
      <symbol id="sm-d0d">
         <name>QueueP_head</name>
         <value>0x3ee7</value>
         <object_component_ref idref="oc-7ae"/>
      </symbol>
      <symbol id="sm-d0e">
         <name>QueueP_init</name>
         <value>0x3ec3</value>
         <object_component_ref idref="oc-405"/>
      </symbol>
      <symbol id="sm-d0f">
         <name>QueueP_empty</name>
         <value>0x3e15</value>
         <object_component_ref idref="oc-708"/>
      </symbol>
      <symbol id="sm-d10">
         <name>QueueP_get</name>
         <value>0x3b71</value>
         <object_component_ref idref="oc-702"/>
      </symbol>
      <symbol id="sm-d27">
         <name>NOROM_CPUcpsie</name>
         <value>0x3e49</value>
         <object_component_ref idref="oc-2df"/>
      </symbol>
      <symbol id="sm-d28">
         <name>NOROM_CPUcpsid</name>
         <value>0x3e3d</value>
         <object_component_ref idref="oc-69"/>
      </symbol>
      <symbol id="sm-d37">
         <name>__aeabi_memset</name>
         <value>0x278f</value>
         <object_component_ref idref="oc-130"/>
      </symbol>
      <symbol id="sm-d38">
         <name>memset</name>
         <value>0x2795</value>
         <object_component_ref idref="oc-130"/>
      </symbol>
      <symbol id="sm-d39">
         <name>__aeabi_memset8</name>
         <value>0x278f</value>
         <object_component_ref idref="oc-130"/>
      </symbol>
      <symbol id="sm-d3a">
         <name>__aeabi_memset4</name>
         <value>0x278f</value>
         <object_component_ref idref="oc-130"/>
      </symbol>
      <symbol id="sm-d3b">
         <name>__aeabi_memclr8</name>
         <value>0x278d</value>
         <object_component_ref idref="oc-130"/>
      </symbol>
      <symbol id="sm-d3c">
         <name>__aeabi_memclr4</name>
         <value>0x278d</value>
         <object_component_ref idref="oc-130"/>
      </symbol>
      <symbol id="sm-d3d">
         <name>__aeabi_memclr</name>
         <value>0x278d</value>
         <object_component_ref idref="oc-130"/>
      </symbol>
      <symbol id="sm-d4a">
         <name>__aeabi_uldivmod</name>
         <value>0x24e9</value>
         <object_component_ref idref="oc-546"/>
      </symbol>
      <symbol id="sm-d53">
         <name>__aeabi_lmul</name>
         <value>0x3c4d</value>
         <object_component_ref idref="oc-54b"/>
      </symbol>
      <symbol id="sm-d6e">
         <name>memcpy</name>
         <value>0x23b5</value>
         <object_component_ref idref="oc-54"/>
      </symbol>
      <symbol id="sm-d6f">
         <name>__aeabi_memcpy</name>
         <value>0x23b5</value>
         <object_component_ref idref="oc-54"/>
      </symbol>
      <symbol id="sm-d70">
         <name>__aeabi_memcpy8</name>
         <value>0x23b5</value>
         <object_component_ref idref="oc-54"/>
      </symbol>
      <symbol id="sm-d71">
         <name>__aeabi_memcpy4</name>
         <value>0x23b5</value>
         <object_component_ref idref="oc-54"/>
      </symbol>
      <symbol id="sm-d83">
         <name>__stack</name>
         <value>0x20004c00</value>
         <object_component_ref idref="oc-31"/>
      </symbol>
      <symbol id="sm-d84">
         <name>_c_int00</name>
         <value>0x3929</value>
         <object_component_ref idref="oc-156"/>
      </symbol>
      <symbol id="sm-d8e">
         <name>__aeabi_idiv0</name>
         <value>0x3f03</value>
         <object_component_ref idref="oc-69c"/>
      </symbol>
      <symbol id="sm-d8f">
         <name>__aeabi_ldiv0</name>
         <value>0x3f03</value>
         <object_component_ref idref="oc-69c"/>
      </symbol>
      <symbol id="sm-da8">
         <name>__TI_auto_init_nobinit_nopinit</name>
         <value>0x326d</value>
         <object_component_ref idref="oc-1e1"/>
      </symbol>
      <symbol id="sm-db3">
         <name>C$$EXIT</name>
         <value>0x3ef3</value>
         <object_component_ref idref="oc-1d5"/>
      </symbol>
      <symbol id="sm-db4">
         <name>abort</name>
         <value>0x3ef3</value>
         <object_component_ref idref="oc-1d5"/>
      </symbol>
      <symbol id="sm-dc8">
         <name>_args_main</name>
         <value>0x3c35</value>
         <object_component_ref idref="oc-19c"/>
      </symbol>
      <symbol id="sm-dc9">
         <name>__TI_static_base__</name>
         <value>0x0</value>
      </symbol>
      <symbol id="sm-dcc">
         <name>__mpu_init</name>
         <value>0x0</value>
      </symbol>
      <symbol id="sm-dcd">
         <name>_system_post_cinit</name>
         <value>0x0</value>
      </symbol>
      <symbol id="sm-dce">
         <name>NoRTOS_start</name>
         <value>0x3edb</value>
      </symbol>
   </symbol_table>
   <title>Link successful</title>
</link_info>
